Archive member included to satisfy reference by file (symbol)

/usr/lib/gcc/arm-none-eabi/13.2.1/../../../arm-none-eabi/lib/thumb/v7e-m+fp/hard/libm.a(libm_a-sf_nearbyint.o)
                              CMakeFiles/wheel_torque.dir/Core/Src/encoder.cpp.obj (nearbyintf)
/usr/lib/gcc/arm-none-eabi/13.2.1/../../../arm-none-eabi/lib/thumb/v7e-m+fp/hard/libm.a(libm_a-sf_rint.o)
                              /usr/lib/gcc/arm-none-eabi/13.2.1/../../../arm-none-eabi/lib/thumb/v7e-m+fp/hard/libm.a(libm_a-sf_nearbyint.o) (rintf)
/usr/lib/gcc/arm-none-eabi/13.2.1/../../../arm-none-eabi/lib/thumb/v7e-m+fp/hard/libm.a(libm_a-sf_tan.o)
                              CMakeFiles/wheel_torque.dir/Core/Src/motor.cpp.obj (tanf)
/usr/lib/gcc/arm-none-eabi/13.2.1/../../../arm-none-eabi/lib/thumb/v7e-m+fp/hard/libm.a(libm_a-sf_floor.o)
                              CMakeFiles/wheel_torque.dir/Core/Src/encoder.cpp.obj (floorf)
/usr/lib/gcc/arm-none-eabi/13.2.1/../../../arm-none-eabi/lib/thumb/v7e-m+fp/hard/libm.a(libm_a-ef_rem_pio2.o)
                              /usr/lib/gcc/arm-none-eabi/13.2.1/../../../arm-none-eabi/lib/thumb/v7e-m+fp/hard/libm.a(libm_a-sf_tan.o) (__ieee754_rem_pio2f)
/usr/lib/gcc/arm-none-eabi/13.2.1/../../../arm-none-eabi/lib/thumb/v7e-m+fp/hard/libm.a(libm_a-kf_tan.o)
                              /usr/lib/gcc/arm-none-eabi/13.2.1/../../../arm-none-eabi/lib/thumb/v7e-m+fp/hard/libm.a(libm_a-sf_tan.o) (__kernel_tanf)
/usr/lib/gcc/arm-none-eabi/13.2.1/../../../arm-none-eabi/lib/thumb/v7e-m+fp/hard/libm.a(libm_a-sf_fabs.o)
                              /usr/lib/gcc/arm-none-eabi/13.2.1/../../../arm-none-eabi/lib/thumb/v7e-m+fp/hard/libm.a(libm_a-ef_rem_pio2.o) (fabsf)
/usr/lib/gcc/arm-none-eabi/13.2.1/../../../arm-none-eabi/lib/thumb/v7e-m+fp/hard/libm.a(libm_a-kf_rem_pio2.o)
                              /usr/lib/gcc/arm-none-eabi/13.2.1/../../../arm-none-eabi/lib/thumb/v7e-m+fp/hard/libm.a(libm_a-ef_rem_pio2.o) (__kernel_rem_pio2f)
/usr/lib/gcc/arm-none-eabi/13.2.1/../../../arm-none-eabi/lib/thumb/v7e-m+fp/hard/libm.a(libm_a-sf_scalbn.o)
                              /usr/lib/gcc/arm-none-eabi/13.2.1/../../../arm-none-eabi/lib/thumb/v7e-m+fp/hard/libm.a(libm_a-kf_rem_pio2.o) (scalbnf)
/usr/lib/gcc/arm-none-eabi/13.2.1/thumb/v7e-m+fp/hard/libgcc.a(_aeabi_uldivmod.o)
                              cmake/stm32cubemx/CMakeFiles/STM32_Drivers.dir/__/__/Drivers/STM32F4xx_HAL_Driver/Src/stm32f4xx_hal_rcc.c.obj (__aeabi_uldivmod)
/usr/lib/gcc/arm-none-eabi/13.2.1/thumb/v7e-m+fp/hard/libgcc.a(_udivmoddi4.o)
                              /usr/lib/gcc/arm-none-eabi/13.2.1/thumb/v7e-m+fp/hard/libgcc.a(_aeabi_uldivmod.o) (__udivmoddi4)
/usr/lib/gcc/arm-none-eabi/13.2.1/thumb/v7e-m+fp/hard/libgcc.a(_dvmd_tls.o)
                              /usr/lib/gcc/arm-none-eabi/13.2.1/thumb/v7e-m+fp/hard/libgcc.a(_aeabi_uldivmod.o) (__aeabi_ldiv0)
/usr/lib/gcc/arm-none-eabi/13.2.1/../../../arm-none-eabi/lib/thumb/v7e-m+fp/hard/libg_nano.a(libc_a-init.o)
                              /usr/lib/gcc/arm-none-eabi/13.2.1/../../../arm-none-eabi/lib/thumb/v7e-m+fp/hard/crt0.o (__libc_init_array)
/usr/lib/gcc/arm-none-eabi/13.2.1/../../../arm-none-eabi/lib/thumb/v7e-m+fp/hard/libg_nano.a(libc_a-abort.o)
                              CMakeFiles/wheel_torque.dir/Core/Src/main.cpp.obj (abort)
/usr/lib/gcc/arm-none-eabi/13.2.1/../../../arm-none-eabi/lib/thumb/v7e-m+fp/hard/libg_nano.a(libc_a-memset.o)
                              /usr/lib/gcc/arm-none-eabi/13.2.1/../../../arm-none-eabi/lib/thumb/v7e-m+fp/hard/crt0.o (memset)
/usr/lib/gcc/arm-none-eabi/13.2.1/../../../arm-none-eabi/lib/thumb/v7e-m+fp/hard/libg_nano.a(libc_a-errno.o)
                              CMakeFiles/wheel_torque.dir/Core/Src/sysmem.c.obj (__errno)
/usr/lib/gcc/arm-none-eabi/13.2.1/../../../arm-none-eabi/lib/thumb/v7e-m+fp/hard/libg_nano.a(libc_a-exit.o)
                              /usr/lib/gcc/arm-none-eabi/13.2.1/../../../arm-none-eabi/lib/thumb/v7e-m+fp/hard/crt0.o (exit)
/usr/lib/gcc/arm-none-eabi/13.2.1/../../../arm-none-eabi/lib/thumb/v7e-m+fp/hard/libg_nano.a(libc_a-atexit.o)
                              /usr/lib/gcc/arm-none-eabi/13.2.1/../../../arm-none-eabi/lib/thumb/v7e-m+fp/hard/crt0.o (atexit)
/usr/lib/gcc/arm-none-eabi/13.2.1/../../../arm-none-eabi/lib/thumb/v7e-m+fp/hard/libg_nano.a(libc_a-fini.o)
                              /usr/lib/gcc/arm-none-eabi/13.2.1/../../../arm-none-eabi/lib/thumb/v7e-m+fp/hard/crt0.o (__libc_fini_array)
/usr/lib/gcc/arm-none-eabi/13.2.1/../../../arm-none-eabi/lib/thumb/v7e-m+fp/hard/libg_nano.a(libc_a-impure.o)
                              /usr/lib/gcc/arm-none-eabi/13.2.1/../../../arm-none-eabi/lib/thumb/v7e-m+fp/hard/libg_nano.a(libc_a-errno.o) (_impure_ptr)
/usr/lib/gcc/arm-none-eabi/13.2.1/../../../arm-none-eabi/lib/thumb/v7e-m+fp/hard/libg_nano.a(libc_a-signal.o)
                              /usr/lib/gcc/arm-none-eabi/13.2.1/../../../arm-none-eabi/lib/thumb/v7e-m+fp/hard/libg_nano.a(libc_a-abort.o) (raise)
[...]
Memory Configuration

Name             Origin             Length             Attributes
RAM              0x20000000         0x00020000         xrw
CCMRAM           0x10000000         0x00010000         xrw
FLASH            0x08000000         0x00100000         xr
*default*        0x00000000         0xffffffff

Linker script and memory map

LOAD /usr/lib/gcc/arm-none-eabi/13.2.1/thumb/v7e-m+fp/hard/crti.o
LOAD /usr/lib/gcc/arm-none-eabi/13.2.1/thumb/v7e-m+fp/hard/crtbegin.o
LOAD /usr/lib/gcc/arm-none-eabi/13.2.1/../../../arm-none-eabi/lib/thumb/v7e-m+fp/hard/crt0.o
LOAD cmake/stm32cubemx/CMakeFiles/STM32_Drivers.dir/__/__/Core/Src/system_stm32f4xx.c.obj
LOAD cmake/stm32cubemx/CMakeFiles/STM32_Drivers.dir/__/__/Drivers/STM32F4xx_HAL_Driver/Src/stm32f4xx_hal_adc.c.obj
LOAD cmake/stm32cubemx/CMakeFiles/STM32_Drivers.dir/__/__/Drivers/STM32F4xx_HAL_Driver/Src/stm32f4xx_hal_adc_ex.c.obj
LOAD cmake/stm32cubemx/CMakeFiles/STM32_Drivers.dir/__/__/Drivers/STM32F4xx_HAL_Driver/Src/stm32f4xx_hal_rcc.c.obj
LOAD cmake/stm32cubemx/CMakeFiles/STM32_Drivers.dir/__/__/Drivers/STM32F4xx_HAL_Driver/Src/stm32f4xx_hal_rcc_ex.c.obj
LOAD cmake/stm32cubemx/CMakeFiles/STM32_Drivers.dir/__/__/Drivers/STM32F4xx_HAL_Driver/Src/stm32f4xx_hal_flash.c.obj
LOAD cmake/stm32cubemx/CMakeFiles/STM32_Drivers.dir/__/__/Drivers/STM32F4xx_HAL_Driver/Src/stm32f4xx_hal_flash_ex.c.obj
LOAD cmake/stm32cubemx/CMakeFiles/STM32_Drivers.dir/__/__/Drivers/STM32F4xx_HAL_Driver/Src/stm32f4xx_hal_flash_ramfunc.c.obj
LOAD cmake/stm32cubemx/CMakeFiles/STM32_Drivers.dir/__/__/Drivers/STM32F4xx_HAL_Driver/Src/stm32f4xx_hal_gpio.c.obj
LOAD cmake/stm32cubemx/CMakeFiles/STM32_Drivers.dir/__/__/Drivers/STM32F4xx_HAL_Driver/Src/stm32f4xx_hal_dma_ex.c.obj
LOAD cmake/stm32cubemx/CMakeFiles/STM32_Drivers.dir/__/__/Drivers/STM32F4xx_HAL_Driver/Src/stm32f4xx_hal_dma.c.obj
LOAD cmake/stm32cubemx/CMakeFiles/STM32_Drivers.dir/__/__/Drivers/STM32F4xx_HAL_Driver/Src/stm32f4xx_hal_pwr.c.obj
LOAD cmake/stm32cubemx/CMakeFiles/STM32_Drivers.dir/__/__/Drivers/STM32F4xx_HAL_Driver/Src/stm32f4xx_hal_pwr_ex.c.obj
LOAD cmake/stm32cubemx/CMakeFiles/STM32_Drivers.dir/__/__/Drivers/STM32F4xx_HAL_Driver/Src/stm32f4xx_hal_cortex.c.obj
LOAD cmake/stm32cubemx/CMakeFiles/STM32_Drivers.dir/__/__/Drivers/STM32F4xx_HAL_Driver/Src/stm32f4xx_hal.c.obj
LOAD cmake/stm32cubemx/CMakeFiles/STM32_Drivers.dir/__/__/Drivers/STM32F4xx_HAL_Driver/Src/stm32f4xx_hal_exti.c.obj
LOAD cmake/stm32cubemx/CMakeFiles/STM32_Drivers.dir/__/__/Drivers/STM32F4xx_HAL_Driver/Src/stm32f4xx_hal_dac.c.obj
LOAD cmake/stm32cubemx/CMakeFiles/STM32_Drivers.dir/__/__/Drivers/STM32F4xx_HAL_Driver/Src/stm32f4xx_hal_dac_ex.c.obj
LOAD cmake/stm32cubemx/CMakeFiles/STM32_Drivers.dir/__/__/Drivers/STM32F4xx_HAL_Driver/Src/stm32f4xx_hal_i2c.c.obj
LOAD cmake/stm32cubemx/CMakeFiles/STM32_Drivers.dir/__/__/Drivers/STM32F4xx_HAL_Driver/Src/stm32f4xx_hal_i2c_ex.c.obj
LOAD cmake/stm32cubemx/CMakeFiles/STM32_Drivers.dir/__/__/Drivers/STM32F4xx_HAL_Driver/Src/stm32f4xx_hal_spi.c.obj
LOAD cmake/stm32cubemx/CMakeFiles/STM32_Drivers.dir/__/__/Drivers/STM32F4xx_HAL_Driver/Src/stm32f4xx_hal_tim.c.obj
LOAD cmake/stm32cubemx/CMakeFiles/STM32_Drivers.dir/__/__/Drivers/STM32F4xx_HAL_Driver/Src/stm32f4xx_hal_tim_ex.c.obj
LOAD CMakeFiles/wheel_torque.dir/Core/Src/main.c.obj
LOAD CMakeFiles/wheel_torque.dir/Core/Src/gpio.c.obj
LOAD CMakeFiles/wheel_torque.dir/Core/Src/adc.c.obj
LOAD CMakeFiles/wheel_torque.dir/Core/Src/dac.c.obj
LOAD CMakeFiles/wheel_torque.dir/Core/Src/dma.c.obj
LOAD CMakeFiles/wheel_torque.dir/Core/Src/i2c.c.obj
LOAD CMakeFiles/wheel_torque.dir/Core/Src/spi.c.obj
LOAD CMakeFiles/wheel_torque.dir/Core/Src/tim.c.obj
LOAD CMakeFiles/wheel_torque.dir/Core/Src/stm32f4xx_it.c.obj
LOAD CMakeFiles/wheel_torque.dir/Core/Src/stm32f4xx_hal_msp.c.obj
LOAD CMakeFiles/wheel_torque.dir/Core/Src/sysmem.c.obj
LOAD CMakeFiles/wheel_torque.dir/Core/Src/syscalls.c.obj
LOAD CMakeFiles/wheel_torque.dir/startup_stm32f405xx.s.obj
LOAD CMakeFiles/wheel_torque.dir/Core/Src/main.cpp.obj
LOAD CMakeFiles/wheel_torque.dir/Core/Src/motor.cpp.obj
LOAD CMakeFiles/wheel_torque.dir/Core/Src/controller.cpp.obj
LOAD CMakeFiles/wheel_torque.dir/Core/Src/encoder.cpp.obj
LOAD CMakeFiles/wheel_torque.dir/Core/Src/stm32_gpio.cpp.obj
LOAD CMakeFiles/wheel_torque.dir/Core/Src/stm32_spi_arbiter.cpp.obj
LOAD /usr/lib/gcc/arm-none-eabi/13.2.1/../../../arm-none-eabi/lib/thumb/v7e-m+fp/hard/libstdc++_nano.a
LOAD /usr/lib/gcc/arm-none-eabi/13.2.1/../../../arm-none-eabi/lib/thumb/v7e-m+fp/hard/libm.a
START GROUP
LOAD /usr/lib/gcc/arm-none-eabi/13.2.1/thumb/v7e-m+fp/hard/libgcc.a
LOAD /usr/lib/gcc/arm-none-eabi/13.2.1/../../../arm-none-eabi/lib/thumb/v7e-m+fp/hard/libg_nano.a
LOAD /usr/lib/gcc/arm-none-eabi/13.2.1/../../../arm-none-eabi/lib/thumb/v7e-m+fp/hard/libc_nano.a
END GROUP
START GROUP
LOAD /usr/lib/gcc/arm-none-eabi/13.2.1/thumb/v7e-m+fp/hard/libgcc.a
LOAD /usr/lib/gcc/arm-none-eabi/13.2.1/../../../arm-none-eabi/lib/thumb/v7e-m+fp/hard/libc_nano.a
END GROUP
LOAD /usr/lib/gcc/arm-none-eabi/13.2.1/thumb/v7e-m+fp/hard/crtend.o
LOAD /usr/lib/gcc/arm-none-eabi/13.2.1/thumb/v7e-m+fp/hard/crtn.o
                0x20020000                        _estack = (ORIGIN (RAM) + LENGTH (RAM))
                0x00000200                        _Min_Heap_Size = 0x200
                0x00000400                        _Min_Stack_Size = 0x400

.isr_vector     0x08000000      0x188
                0x08000000                        . = ALIGN (0x4)
 *(.isr_vector)
 .isr_vector    0x08000000      0x188 CMakeFiles/wheel_torque.dir/startup_stm32f405xx.s.obj
                0x08000000                g_pfnVectors
                0x08000188                        . = ALIGN (0x4)

.text           0x08000188     0xc040
                0x08000188                        . = ALIGN (0x4)
 *(.text)
 .text          0x08000188       0x88 /usr/lib/gcc/arm-none-eabi/13.2.1/thumb/v7e-m+fp/hard/crtbegin.o
 .text          0x08000210        0x4 /usr/lib/gcc/arm-none-eabi/13.2.1/../../../arm-none-eabi/lib/thumb/v7e-m+fp/hard/libm.a(libm_a-sf_nearbyint.o)
                0x08000210                nearbyintf
 .text          0x08000214       0xb4 /usr/lib/gcc/arm-none-eabi/13.2.1/../../../arm-none-eabi/lib/thumb/v7e-m+fp/hard/libm.a(libm_a-sf_rint.o)
                0x08000214                rintf
 .text          0x080002c8       0x54 /usr/lib/gcc/arm-none-eabi/13.2.1/../../../arm-none-eabi/lib/thumb/v7e-m+fp/hard/libm.a(libm_a-sf_tan.o)
                0x080002c8                tanf
 .text          0x0800031c       0x94 /usr/lib/gcc/arm-none-eabi/13.2.1/../../../arm-none-eabi/lib/thumb/v7e-m+fp/hard/libm.a(libm_a-sf_floor.o)
                0x0800031c                floorf
 .text          0x080003b0      0x260 /usr/lib/gcc/arm-none-eabi/13.2.1/../../../arm-none-eabi/lib/thumb/v7e-m+fp/hard/libm.a(libm_a-ef_rem_pio2.o)
                0x080003b0                __ieee754_rem_pio2f
 .text          0x08000610      0x1c0 /usr/lib/gcc/arm-none-eabi/13.2.1/../../../arm-none-eabi/lib/thumb/v7e-m+fp/hard/libm.a(libm_a-kf_tan.o)
                0x08000610                __kernel_tanf
 .text          0x080007d0       0x10 /usr/lib/gcc/arm-none-eabi/13.2.1/../../../arm-none-eabi/lib/thumb/v7e-m+fp/hard/libm.a(libm_a-sf_fabs.o)
                0x080007d0                fabsf
 .text          0x080007e0      0x63c /usr/lib/gcc/arm-none-eabi/13.2.1/../../../arm-none-eabi/lib/thumb/v7e-m+fp/hard/libm.a(libm_a-kf_rem_pio2.o)
                0x080007e0                __kernel_rem_pio2f
 .text          0x08000e1c       0xe4 /usr/lib/gcc/arm-none-eabi/13.2.1/../../../arm-none-eabi/lib/thumb/v7e-m+fp/hard/libm.a(libm_a-sf_scalbn.o)
                0x08000e1c                scalbnf
 .text          0x08000f00       0x30 /usr/lib/gcc/arm-none-eabi/13.2.1/thumb/v7e-m+fp/hard/libgcc.a(_aeabi_uldivmod.o)
                0x08000f00                __aeabi_uldivmod
 .text          0x08000f30      0x2bc /usr/lib/gcc/arm-none-eabi/13.2.1/thumb/v7e-m+fp/hard/libgcc.a(_udivmoddi4.o)
                0x08000f30                __udivmoddi4
 .text          0x080011ec        0x4 /usr/lib/gcc/arm-none-eabi/13.2.1/thumb/v7e-m+fp/hard/libgcc.a(_dvmd_tls.o)
                0x080011ec                __aeabi_ldiv0
                0x080011ec                __aeabi_idiv0
 .text          0x080011f0       0x50 /usr/lib/gcc/arm-none-eabi/13.2.1/../../../arm-none-eabi/lib/thumb/v7e-m+fp/hard/libg_nano.a(libc_a-init.o)
                0x080011f0                __libc_init_array
 .text          0x08001240       0x10 /usr/lib/gcc/arm-none-eabi/13.2.1/../../../arm-none-eabi/lib/thumb/v7e-m+fp/hard/libg_nano.a(libc_a-abort.o)
                0x08001240                abort
 .text          0x08001250       0xa4 /usr/lib/gcc/arm-none-eabi/13.2.1/../../../arm-none-eabi/lib/thumb/v7e-m+fp/hard/libg_nano.a(libc_a-memset.o)
                0x08001250                memset
 .text          0x080012f4        0xc /usr/lib/gcc/arm-none-eabi/13.2.1/../../../arm-none-eabi/lib/thumb/v7e-m+fp/hard/libg_nano.a(libc_a-errno.o)
                0x080012f4                __errno
 .text          0x08001300      0x260 /usr/lib/gcc/arm-none-eabi/13.2.1/../../../arm-none-eabi/lib/thumb/v7e-m+fp/hard/libg_nano.a(libc_a-signal.o)
                0x08001300                _init_signal_r
                0x0800132c                _signal_r
                0x08001378                _raise_r
                0x080013c8                __sigtramp_r
                0x08001428                raise
                0x0800147c                signal
                0x080014c8                _init_signal
                0x080014fc                __sigtramp
 .text          0x08001560      0x148 /usr/lib/gcc/arm-none-eabi/13.2.1/../../../arm-none-eabi/lib/thumb/v7e-m+fp/hard/libg_nano.a(libc_a-mallocr.o)
                0x080015a8                _malloc_r
 .text          0x080016a8        0x8 /usr/lib/gcc/arm-none-eabi/13.2.1/../../../arm-none-eabi/lib/thumb/v7e-m+fp/hard/libg_nano.a(libc_a-mlock.o)
                0x080016a8                __malloc_lock
                0x080016ac                __malloc_unlock
 .text          0x080016b0       0x24 /usr/lib/gcc/arm-none-eabi/13.2.1/../../../arm-none-eabi/lib/thumb/v7e-m+fp/hard/libg_nano.a(libc_a-sbrkr.o)
                0x080016b0                _sbrk_r
 .text          0x080016d4       0x30 /usr/lib/gcc/arm-none-eabi/13.2.1/../../../arm-none-eabi/lib/thumb/v7e-m+fp/hard/libg_nano.a(libc_a-signalr.o)
                0x080016d4                _kill_r
                0x08001700                _getpid_r
 *(.text*)
 .text.SystemInit
                0x08001704       0x24 cmake/stm32cubemx/CMakeFiles/STM32_Drivers.dir/__/__/Core/Src/system_stm32f4xx.c.obj
                0x08001704                SystemInit
 .text.HAL_ADC_Init
                0x08001728       0x86 cmake/stm32cubemx/CMakeFiles/STM32_Drivers.dir/__/__/Drivers/STM32F4xx_HAL_Driver/Src/stm32f4xx_hal_adc.c.obj
                0x08001728                HAL_ADC_Init
 *fill*         0x080017ae        0x2 
 .text.HAL_ADC_Start
                0x080017b0      0x1a4 cmake/stm32cubemx/CMakeFiles/STM32_Drivers.dir/__/__/Drivers/STM32F4xx_HAL_Driver/Src/stm32f4xx_hal_adc.c.obj
                0x080017b0                HAL_ADC_Start
 .text.HAL_ADC_ConfigChannel
                0x08001954      0x244 cmake/stm32cubemx/CMakeFiles/STM32_Drivers.dir/__/__/Drivers/STM32F4xx_HAL_Driver/Src/stm32f4xx_hal_adc.c.obj
                0x08001954                HAL_ADC_ConfigChannel
 .text.ADC_Init
                0x08001b98      0x1f8 cmake/stm32cubemx/CMakeFiles/STM32_Drivers.dir/__/__/Drivers/STM32F4xx_HAL_Driver/Src/stm32f4xx_hal_adc.c.obj
 .text.HAL_ADCEx_InjectedConfigChannel
                0x08001d90      0x32c cmake/stm32cubemx/CMakeFiles/STM32_Drivers.dir/__/__/Drivers/STM32F4xx_HAL_Driver/Src/stm32f4xx_hal_adc_ex.c.obj
                0x08001d90                HAL_ADCEx_InjectedConfigChannel
 .text.HAL_RCC_OscConfig
                0x080020bc      0x4f0 cmake/stm32cubemx/CMakeFiles/STM32_Drivers.dir/__/__/Drivers/STM32F4xx_HAL_Driver/Src/stm32f4xx_hal_rcc.c.obj
                0x080020bc                HAL_RCC_OscConfig
 .text.HAL_RCC_ClockConfig
                0x080025ac      0x1cc cmake/stm32cubemx/CMakeFiles/STM32_Drivers.dir/__/__/Drivers/STM32F4xx_HAL_Driver/Src/stm32f4xx_hal_rcc.c.obj
                0x080025ac                HAL_RCC_ClockConfig
 .text.HAL_RCC_GetSysClockFreq
                0x08002778      0x20c cmake/stm32cubemx/CMakeFiles/STM32_Drivers.dir/__/__/Drivers/STM32F4xx_HAL_Driver/Src/stm32f4xx_hal_rcc.c.obj
                0x08002778                HAL_RCC_GetSysClockFreq
 .text.HAL_RCC_GetHCLKFreq
                0x08002984       0x18 cmake/stm32cubemx/CMakeFiles/STM32_Drivers.dir/__/__/Drivers/STM32F4xx_HAL_Driver/Src/stm32f4xx_hal_rcc.c.obj
                0x08002984                HAL_RCC_GetHCLKFreq
 .text.HAL_RCC_GetPCLK1Freq
                0x0800299c       0x28 cmake/stm32cubemx/CMakeFiles/STM32_Drivers.dir/__/__/Drivers/STM32F4xx_HAL_Driver/Src/stm32f4xx_hal_rcc.c.obj
                0x0800299c                HAL_RCC_GetPCLK1Freq
 .text.HAL_RCCEx_PeriphCLKConfig
                0x080029c4      0x1c4 cmake/stm32cubemx/CMakeFiles/STM32_Drivers.dir/__/__/Drivers/STM32F4xx_HAL_Driver/Src/stm32f4xx_hal_rcc_ex.c.obj
                0x080029c4                HAL_RCCEx_PeriphCLKConfig
 .text.HAL_GPIO_Init
                0x08002b88      0x338 cmake/stm32cubemx/CMakeFiles/STM32_Drivers.dir/__/__/Drivers/STM32F4xx_HAL_Driver/Src/stm32f4xx_hal_gpio.c.obj
                0x08002b88                HAL_GPIO_Init
 .text.HAL_GPIO_DeInit
                0x08002ec0      0x1f8 cmake/stm32cubemx/CMakeFiles/STM32_Drivers.dir/__/__/Drivers/STM32F4xx_HAL_Driver/Src/stm32f4xx_hal_gpio.c.obj
                0x08002ec0                HAL_GPIO_DeInit
 .text.HAL_GPIO_WritePin
                0x080030b8       0x32 cmake/stm32cubemx/CMakeFiles/STM32_Drivers.dir/__/__/Drivers/STM32F4xx_HAL_Driver/Src/stm32f4xx_hal_gpio.c.obj
                0x080030b8                HAL_GPIO_WritePin
 *fill*         0x080030ea        0x2 
 .text.HAL_DMA_Init
                0x080030ec      0x15c cmake/stm32cubemx/CMakeFiles/STM32_Drivers.dir/__/__/Drivers/STM32F4xx_HAL_Driver/Src/stm32f4xx_hal_dma.c.obj
                0x080030ec                HAL_DMA_Init
 .text.HAL_DMA_DeInit
                0x08003248       0xbc cmake/stm32cubemx/CMakeFiles/STM32_Drivers.dir/__/__/Drivers/STM32F4xx_HAL_Driver/Src/stm32f4xx_hal_dma.c.obj
                0x08003248                HAL_DMA_DeInit
 .text.HAL_DMA_Start_IT
                0x08003304       0xb0 cmake/stm32cubemx/CMakeFiles/STM32_Drivers.dir/__/__/Drivers/STM32F4xx_HAL_Driver/Src/stm32f4xx_hal_dma.c.obj
                0x08003304                HAL_DMA_Start_IT
 .text.HAL_DMA_Abort_IT
                0x080033b4       0x44 cmake/stm32cubemx/CMakeFiles/STM32_Drivers.dir/__/__/Drivers/STM32F4xx_HAL_Driver/Src/stm32f4xx_hal_dma.c.obj
                0x080033b4                HAL_DMA_Abort_IT
 .text.HAL_DMA_IRQHandler
                0x080033f8      0x314 cmake/stm32cubemx/CMakeFiles/STM32_Drivers.dir/__/__/Drivers/STM32F4xx_HAL_Driver/Src/stm32f4xx_hal_dma.c.obj
                0x080033f8                HAL_DMA_IRQHandler
 .text.HAL_DMA_GetState
                0x0800370c       0x1c cmake/stm32cubemx/CMakeFiles/STM32_Drivers.dir/__/__/Drivers/STM32F4xx_HAL_Driver/Src/stm32f4xx_hal_dma.c.obj
                0x0800370c                HAL_DMA_GetState
 .text.DMA_SetConfig
                0x08003728       0x5c cmake/stm32cubemx/CMakeFiles/STM32_Drivers.dir/__/__/Drivers/STM32F4xx_HAL_Driver/Src/stm32f4xx_hal_dma.c.obj
 .text.DMA_CalcBaseAndBitshift
                0x08003784       0x6c cmake/stm32cubemx/CMakeFiles/STM32_Drivers.dir/__/__/Drivers/STM32F4xx_HAL_Driver/Src/stm32f4xx_hal_dma.c.obj
 .text.DMA_CheckFifoParam
                0x080037f0       0xf8 cmake/stm32cubemx/CMakeFiles/STM32_Drivers.dir/__/__/Drivers/STM32F4xx_HAL_Driver/Src/stm32f4xx_hal_dma.c.obj
 .text.__NVIC_SetPriorityGrouping
                0x080038e8       0x48 cmake/stm32cubemx/CMakeFiles/STM32_Drivers.dir/__/__/Drivers/STM32F4xx_HAL_Driver/Src/stm32f4xx_hal_cortex.c.obj
 .text.__NVIC_GetPriorityGrouping
                0x08003930       0x1c cmake/stm32cubemx/CMakeFiles/STM32_Drivers.dir/__/__/Drivers/STM32F4xx_HAL_Driver/Src/stm32f4xx_hal_cortex.c.obj
 .text.__NVIC_EnableIRQ
                0x0800394c       0x3c cmake/stm32cubemx/CMakeFiles/STM32_Drivers.dir/__/__/Drivers/STM32F4xx_HAL_Driver/Src/stm32f4xx_hal_cortex.c.obj
 .text.__NVIC_DisableIRQ
                0x08003988       0x48 cmake/stm32cubemx/CMakeFiles/STM32_Drivers.dir/__/__/Drivers/STM32F4xx_HAL_Driver/Src/stm32f4xx_hal_cortex.c.obj
 .text.__NVIC_SetPriority
                0x080039d0       0x54 cmake/stm32cubemx/CMakeFiles/STM32_Drivers.dir/__/__/Drivers/STM32F4xx_HAL_Driver/Src/stm32f4xx_hal_cortex.c.obj
 .text.NVIC_EncodePriority
                0x08003a24       0x66 cmake/stm32cubemx/CMakeFiles/STM32_Drivers.dir/__/__/Drivers/STM32F4xx_HAL_Driver/Src/stm32f4xx_hal_cortex.c.obj
 *fill*         0x08003a8a        0x2 
 .text.SysTick_Config
                0x08003a8c       0x44 cmake/stm32cubemx/CMakeFiles/STM32_Drivers.dir/__/__/Drivers/STM32F4xx_HAL_Driver/Src/stm32f4xx_hal_cortex.c.obj
 .text.HAL_NVIC_SetPriorityGrouping
                0x08003ad0       0x16 cmake/stm32cubemx/CMakeFiles/STM32_Drivers.dir/__/__/Drivers/STM32F4xx_HAL_Driver/Src/stm32f4xx_hal_cortex.c.obj
                0x08003ad0                HAL_NVIC_SetPriorityGrouping
 .text.HAL_NVIC_SetPriority
                0x08003ae6       0x38 cmake/stm32cubemx/CMakeFiles/STM32_Drivers.dir/__/__/Drivers/STM32F4xx_HAL_Driver/Src/stm32f4xx_hal_cortex.c.obj
                0x08003ae6                HAL_NVIC_SetPriority
 .text.HAL_NVIC_EnableIRQ
                0x08003b1e       0x1c cmake/stm32cubemx/CMakeFiles/STM32_Drivers.dir/__/__/Drivers/STM32F4xx_HAL_Driver/Src/stm32f4xx_hal_cortex.c.obj
                0x08003b1e                HAL_NVIC_EnableIRQ
 .text.HAL_NVIC_DisableIRQ
                0x08003b3a       0x1c cmake/stm32cubemx/CMakeFiles/STM32_Drivers.dir/__/__/Drivers/STM32F4xx_HAL_Driver/Src/stm32f4xx_hal_cortex.c.obj
                0x08003b3a                HAL_NVIC_DisableIRQ
 .text.HAL_SYSTICK_Config
                0x08003b56       0x18 cmake/stm32cubemx/CMakeFiles/STM32_Drivers.dir/__/__/Drivers/STM32F4xx_HAL_Driver/Src/stm32f4xx_hal_cortex.c.obj
                0x08003b56                HAL_SYSTICK_Config
 *fill*         0x08003b6e        0x2 
 .text.HAL_Init
                0x08003b70       0x44 cmake/stm32cubemx/CMakeFiles/STM32_Drivers.dir/__/__/Drivers/STM32F4xx_HAL_Driver/Src/stm32f4xx_hal.c.obj
                0x08003b70                HAL_Init
 .text.HAL_InitTick
                0x08003bb4       0x60 cmake/stm32cubemx/CMakeFiles/STM32_Drivers.dir/__/__/Drivers/STM32F4xx_HAL_Driver/Src/stm32f4xx_hal.c.obj
                0x08003bb4                HAL_InitTick
 .text.HAL_IncTick
                0x08003c14       0x28 cmake/stm32cubemx/CMakeFiles/STM32_Drivers.dir/__/__/Drivers/STM32F4xx_HAL_Driver/Src/stm32f4xx_hal.c.obj
                0x08003c14                HAL_IncTick
 .text.HAL_GetTick
                0x08003c3c       0x18 cmake/stm32cubemx/CMakeFiles/STM32_Drivers.dir/__/__/Drivers/STM32F4xx_HAL_Driver/Src/stm32f4xx_hal.c.obj
                0x08003c3c                HAL_GetTick
 .text.HAL_Delay
                0x08003c54       0x48 cmake/stm32cubemx/CMakeFiles/STM32_Drivers.dir/__/__/Drivers/STM32F4xx_HAL_Driver/Src/stm32f4xx_hal.c.obj
                0x08003c54                HAL_Delay
 .text.HAL_DAC_Init
                0x08003c9c       0x44 cmake/stm32cubemx/CMakeFiles/STM32_Drivers.dir/__/__/Drivers/STM32F4xx_HAL_Driver/Src/stm32f4xx_hal_dac.c.obj
                0x08003c9c                HAL_DAC_Init
 .text.HAL_DAC_Start
                0x08003ce0       0xae cmake/stm32cubemx/CMakeFiles/STM32_Drivers.dir/__/__/Drivers/STM32F4xx_HAL_Driver/Src/stm32f4xx_hal_dac.c.obj
                0x08003ce0                HAL_DAC_Start
 .text.HAL_DAC_SetValue
                0x08003d8e       0x54 cmake/stm32cubemx/CMakeFiles/STM32_Drivers.dir/__/__/Drivers/STM32F4xx_HAL_Driver/Src/stm32f4xx_hal_dac.c.obj
                0x08003d8e                HAL_DAC_SetValue
 .text.HAL_DAC_ConfigChannel
                0x08003de2       0xb2 cmake/stm32cubemx/CMakeFiles/STM32_Drivers.dir/__/__/Drivers/STM32F4xx_HAL_Driver/Src/stm32f4xx_hal_dac.c.obj
                0x08003de2                HAL_DAC_ConfigChannel
 .text.HAL_I2C_Init
                0x08003e94      0x288 cmake/stm32cubemx/CMakeFiles/STM32_Drivers.dir/__/__/Drivers/STM32F4xx_HAL_Driver/Src/stm32f4xx_hal_i2c.c.obj
                0x08003e94                HAL_I2C_Init
 .text.HAL_I2C_DeInit
                0x0800411c       0x5e cmake/stm32cubemx/CMakeFiles/STM32_Drivers.dir/__/__/Drivers/STM32F4xx_HAL_Driver/Src/stm32f4xx_hal_i2c.c.obj
                0x0800411c                HAL_I2C_DeInit
 .text.I2C_Flush_DR
                0x0800417a       0x2a cmake/stm32cubemx/CMakeFiles/STM32_Drivers.dir/__/__/Drivers/STM32F4xx_HAL_Driver/Src/stm32f4xx_hal_i2c.c.obj
 .text.HAL_I2C_Slave_Transmit_IT
                0x080041a4       0xe0 cmake/stm32cubemx/CMakeFiles/STM32_Drivers.dir/__/__/Drivers/STM32F4xx_HAL_Driver/Src/stm32f4xx_hal_i2c.c.obj
                0x080041a4                HAL_I2C_Slave_Transmit_IT
 .text.HAL_I2C_Slave_Receive_IT
                0x08004284       0xe0 cmake/stm32cubemx/CMakeFiles/STM32_Drivers.dir/__/__/Drivers/STM32F4xx_HAL_Driver/Src/stm32f4xx_hal_i2c.c.obj
                0x08004284                HAL_I2C_Slave_Receive_IT
 .text.HAL_I2C_EV_IRQHandler
                0x08004364      0x2e2 cmake/stm32cubemx/CMakeFiles/STM32_Drivers.dir/__/__/Drivers/STM32F4xx_HAL_Driver/Src/stm32f4xx_hal_i2c.c.obj
                0x08004364                HAL_I2C_EV_IRQHandler
 .text.HAL_I2C_ER_IRQHandler
                0x08004646      0x14e cmake/stm32cubemx/CMakeFiles/STM32_Drivers.dir/__/__/Drivers/STM32F4xx_HAL_Driver/Src/stm32f4xx_hal_i2c.c.obj
                0x08004646                HAL_I2C_ER_IRQHandler
 .text.HAL_I2C_MasterTxCpltCallback
                0x08004794       0x14 cmake/stm32cubemx/CMakeFiles/STM32_Drivers.dir/__/__/Drivers/STM32F4xx_HAL_Driver/Src/stm32f4xx_hal_i2c.c.obj
                0x08004794                HAL_I2C_MasterTxCpltCallback
 .text.HAL_I2C_MasterRxCpltCallback
                0x080047a8       0x14 cmake/stm32cubemx/CMakeFiles/STM32_Drivers.dir/__/__/Drivers/STM32F4xx_HAL_Driver/Src/stm32f4xx_hal_i2c.c.obj
                0x080047a8                HAL_I2C_MasterRxCpltCallback
 .text.HAL_I2C_AddrCallback
                0x080047bc       0x1c cmake/stm32cubemx/CMakeFiles/STM32_Drivers.dir/__/__/Drivers/STM32F4xx_HAL_Driver/Src/stm32f4xx_hal_i2c.c.obj
                0x080047bc                HAL_I2C_AddrCallback
 .text.HAL_I2C_ListenCpltCallback
                0x080047d8       0x14 cmake/stm32cubemx/CMakeFiles/STM32_Drivers.dir/__/__/Drivers/STM32F4xx_HAL_Driver/Src/stm32f4xx_hal_i2c.c.obj
                0x080047d8                HAL_I2C_ListenCpltCallback
 .text.HAL_I2C_MemTxCpltCallback
                0x080047ec       0x14 cmake/stm32cubemx/CMakeFiles/STM32_Drivers.dir/__/__/Drivers/STM32F4xx_HAL_Driver/Src/stm32f4xx_hal_i2c.c.obj
                0x080047ec                HAL_I2C_MemTxCpltCallback
 .text.HAL_I2C_MemRxCpltCallback
                0x08004800       0x14 cmake/stm32cubemx/CMakeFiles/STM32_Drivers.dir/__/__/Drivers/STM32F4xx_HAL_Driver/Src/stm32f4xx_hal_i2c.c.obj
                0x08004800                HAL_I2C_MemRxCpltCallback
 .text.HAL_I2C_AbortCpltCallback
                0x08004814       0x14 cmake/stm32cubemx/CMakeFiles/STM32_Drivers.dir/__/__/Drivers/STM32F4xx_HAL_Driver/Src/stm32f4xx_hal_i2c.c.obj
                0x08004814                HAL_I2C_AbortCpltCallback
 .text.I2C_MasterTransmit_TXE
                0x08004828      0x138 cmake/stm32cubemx/CMakeFiles/STM32_Drivers.dir/__/__/Drivers/STM32F4xx_HAL_Driver/Src/stm32f4xx_hal_i2c.c.obj
 .text.I2C_MasterTransmit_BTF
                0x08004960       0xec cmake/stm32cubemx/CMakeFiles/STM32_Drivers.dir/__/__/Drivers/STM32F4xx_HAL_Driver/Src/stm32f4xx_hal_i2c.c.obj
 .text.I2C_MemoryTransmit_TXE_BTF
                0x08004a4c      0x130 cmake/stm32cubemx/CMakeFiles/STM32_Drivers.dir/__/__/Drivers/STM32F4xx_HAL_Driver/Src/stm32f4xx_hal_i2c.c.obj
 .text.I2C_MasterReceive_RXNE
                0x08004b7c      0x190 cmake/stm32cubemx/CMakeFiles/STM32_Drivers.dir/__/__/Drivers/STM32F4xx_HAL_Driver/Src/stm32f4xx_hal_i2c.c.obj
 .text.I2C_MasterReceive_BTF
                0x08004d0c      0x1e2 cmake/stm32cubemx/CMakeFiles/STM32_Drivers.dir/__/__/Drivers/STM32F4xx_HAL_Driver/Src/stm32f4xx_hal_i2c.c.obj
 .text.I2C_Master_SB
                0x08004eee      0x10c cmake/stm32cubemx/CMakeFiles/STM32_Drivers.dir/__/__/Drivers/STM32F4xx_HAL_Driver/Src/stm32f4xx_hal_i2c.c.obj
 .text.I2C_Master_ADD10
                0x08004ffa       0x54 cmake/stm32cubemx/CMakeFiles/STM32_Drivers.dir/__/__/Drivers/STM32F4xx_HAL_Driver/Src/stm32f4xx_hal_i2c.c.obj
 .text.I2C_Master_ADDR
                0x0800504e      0x322 cmake/stm32cubemx/CMakeFiles/STM32_Drivers.dir/__/__/Drivers/STM32F4xx_HAL_Driver/Src/stm32f4xx_hal_i2c.c.obj
 .text.I2C_SlaveTransmit_TXE
                0x08005370       0x7a cmake/stm32cubemx/CMakeFiles/STM32_Drivers.dir/__/__/Drivers/STM32F4xx_HAL_Driver/Src/stm32f4xx_hal_i2c.c.obj
 .text.I2C_SlaveTransmit_BTF
                0x080053ea       0x42 cmake/stm32cubemx/CMakeFiles/STM32_Drivers.dir/__/__/Drivers/STM32F4xx_HAL_Driver/Src/stm32f4xx_hal_i2c.c.obj
 .text.I2C_SlaveReceive_RXNE
                0x0800542c       0x7c cmake/stm32cubemx/CMakeFiles/STM32_Drivers.dir/__/__/Drivers/STM32F4xx_HAL_Driver/Src/stm32f4xx_hal_i2c.c.obj
 .text.I2C_SlaveReceive_BTF
                0x080054a8       0x44 cmake/stm32cubemx/CMakeFiles/STM32_Drivers.dir/__/__/Drivers/STM32F4xx_HAL_Driver/Src/stm32f4xx_hal_i2c.c.obj
 .text.I2C_Slave_ADDR
                0x080054ec       0x94 cmake/stm32cubemx/CMakeFiles/STM32_Drivers.dir/__/__/Drivers/STM32F4xx_HAL_Driver/Src/stm32f4xx_hal_i2c.c.obj
 .text.I2C_Slave_STOPF
                0x08005580      0x260 cmake/stm32cubemx/CMakeFiles/STM32_Drivers.dir/__/__/Drivers/STM32F4xx_HAL_Driver/Src/stm32f4xx_hal_i2c.c.obj
 .text.I2C_Slave_AF
                0x080057e0       0xe8 cmake/stm32cubemx/CMakeFiles/STM32_Drivers.dir/__/__/Drivers/STM32F4xx_HAL_Driver/Src/stm32f4xx_hal_i2c.c.obj
 .text.I2C_ITError
                0x080058c8      0x264 cmake/stm32cubemx/CMakeFiles/STM32_Drivers.dir/__/__/Drivers/STM32F4xx_HAL_Driver/Src/stm32f4xx_hal_i2c.c.obj
 .text.I2C_DMAAbort
                0x08005b2c      0x150 cmake/stm32cubemx/CMakeFiles/STM32_Drivers.dir/__/__/Drivers/STM32F4xx_HAL_Driver/Src/stm32f4xx_hal_i2c.c.obj
 .text.I2C_WaitOnSTOPRequestThroughIT
                0x08005c7c       0x64 cmake/stm32cubemx/CMakeFiles/STM32_Drivers.dir/__/__/Drivers/STM32F4xx_HAL_Driver/Src/stm32f4xx_hal_i2c.c.obj
 .text.I2C_ConvertOtherXferOptions
                0x08005ce0       0x36 cmake/stm32cubemx/CMakeFiles/STM32_Drivers.dir/__/__/Drivers/STM32F4xx_HAL_Driver/Src/stm32f4xx_hal_i2c.c.obj
 .text.HAL_SPI_Init
                0x08005d16      0x112 cmake/stm32cubemx/CMakeFiles/STM32_Drivers.dir/__/__/Drivers/STM32F4xx_HAL_Driver/Src/stm32f4xx_hal_spi.c.obj
                0x08005d16                HAL_SPI_Init
 .text.HAL_SPI_DeInit
                0x08005e28       0x50 cmake/stm32cubemx/CMakeFiles/STM32_Drivers.dir/__/__/Drivers/STM32F4xx_HAL_Driver/Src/stm32f4xx_hal_spi.c.obj
                0x08005e28                HAL_SPI_DeInit
 .text.HAL_SPI_TransmitReceive_IT
                0x08005e78      0x11c cmake/stm32cubemx/CMakeFiles/STM32_Drivers.dir/__/__/Drivers/STM32F4xx_HAL_Driver/Src/stm32f4xx_hal_spi.c.obj
                0x08005e78                HAL_SPI_TransmitReceive_IT
 .text.HAL_SPI_Transmit_DMA
                0x08005f94      0x164 cmake/stm32cubemx/CMakeFiles/STM32_Drivers.dir/__/__/Drivers/STM32F4xx_HAL_Driver/Src/stm32f4xx_hal_spi.c.obj
                0x08005f94                HAL_SPI_Transmit_DMA
 .text.HAL_SPI_Receive_DMA
                0x080060f8      0x188 cmake/stm32cubemx/CMakeFiles/STM32_Drivers.dir/__/__/Drivers/STM32F4xx_HAL_Driver/Src/stm32f4xx_hal_spi.c.obj
                0x080060f8                HAL_SPI_Receive_DMA
 .text.HAL_SPI_TransmitReceive_DMA
                0x08006280      0x1f8 cmake/stm32cubemx/CMakeFiles/STM32_Drivers.dir/__/__/Drivers/STM32F4xx_HAL_Driver/Src/stm32f4xx_hal_spi.c.obj
                0x08006280                HAL_SPI_TransmitReceive_DMA
 .text.HAL_SPI_IRQHandler
                0x08006478      0x200 cmake/stm32cubemx/CMakeFiles/STM32_Drivers.dir/__/__/Drivers/STM32F4xx_HAL_Driver/Src/stm32f4xx_hal_spi.c.obj
                0x08006478                HAL_SPI_IRQHandler
 .text.HAL_SPI_TxHalfCpltCallback
                0x08006678       0x14 cmake/stm32cubemx/CMakeFiles/STM32_Drivers.dir/__/__/Drivers/STM32F4xx_HAL_Driver/Src/stm32f4xx_hal_spi.c.obj
                0x08006678                HAL_SPI_TxHalfCpltCallback
 .text.HAL_SPI_RxHalfCpltCallback
                0x0800668c       0x14 cmake/stm32cubemx/CMakeFiles/STM32_Drivers.dir/__/__/Drivers/STM32F4xx_HAL_Driver/Src/stm32f4xx_hal_spi.c.obj
                0x0800668c                HAL_SPI_RxHalfCpltCallback
 .text.HAL_SPI_TxRxHalfCpltCallback
                0x080066a0       0x14 cmake/stm32cubemx/CMakeFiles/STM32_Drivers.dir/__/__/Drivers/STM32F4xx_HAL_Driver/Src/stm32f4xx_hal_spi.c.obj
                0x080066a0                HAL_SPI_TxRxHalfCpltCallback
 .text.HAL_SPI_ErrorCallback
                0x080066b4       0x14 cmake/stm32cubemx/CMakeFiles/STM32_Drivers.dir/__/__/Drivers/STM32F4xx_HAL_Driver/Src/stm32f4xx_hal_spi.c.obj
                0x080066b4                HAL_SPI_ErrorCallback
 .text.SPI_DMATransmitCplt
                0x080066c8       0xa8 cmake/stm32cubemx/CMakeFiles/STM32_Drivers.dir/__/__/Drivers/STM32F4xx_HAL_Driver/Src/stm32f4xx_hal_spi.c.obj
 .text.SPI_DMAReceiveCplt
                0x08006770       0xa8 cmake/stm32cubemx/CMakeFiles/STM32_Drivers.dir/__/__/Drivers/STM32F4xx_HAL_Driver/Src/stm32f4xx_hal_spi.c.obj
 .text.SPI_DMATransmitReceiveCplt
                0x08006818       0x90 cmake/stm32cubemx/CMakeFiles/STM32_Drivers.dir/__/__/Drivers/STM32F4xx_HAL_Driver/Src/stm32f4xx_hal_spi.c.obj
 .text.SPI_DMAHalfTransmitCplt
                0x080068a8       0x1c cmake/stm32cubemx/CMakeFiles/STM32_Drivers.dir/__/__/Drivers/STM32F4xx_HAL_Driver/Src/stm32f4xx_hal_spi.c.obj
 .text.SPI_DMAHalfReceiveCplt
                0x080068c4       0x1c cmake/stm32cubemx/CMakeFiles/STM32_Drivers.dir/__/__/Drivers/STM32F4xx_HAL_Driver/Src/stm32f4xx_hal_spi.c.obj
 .text.SPI_DMAHalfTransmitReceiveCplt
                0x080068e0       0x1c cmake/stm32cubemx/CMakeFiles/STM32_Drivers.dir/__/__/Drivers/STM32F4xx_HAL_Driver/Src/stm32f4xx_hal_spi.c.obj
 .text.SPI_DMAError
                0x080068fc       0x40 cmake/stm32cubemx/CMakeFiles/STM32_Drivers.dir/__/__/Drivers/STM32F4xx_HAL_Driver/Src/stm32f4xx_hal_spi.c.obj
 .text.SPI_DMAAbortOnError
                0x0800693c       0x28 cmake/stm32cubemx/CMakeFiles/STM32_Drivers.dir/__/__/Drivers/STM32F4xx_HAL_Driver/Src/stm32f4xx_hal_spi.c.obj
 .text.SPI_2linesRxISR_8BIT
                0x08006964       0x64 cmake/stm32cubemx/CMakeFiles/STM32_Drivers.dir/__/__/Drivers/STM32F4xx_HAL_Driver/Src/stm32f4xx_hal_spi.c.obj
 .text.SPI_2linesTxISR_8BIT
                0x080069c8       0x60 cmake/stm32cubemx/CMakeFiles/STM32_Drivers.dir/__/__/Drivers/STM32F4xx_HAL_Driver/Src/stm32f4xx_hal_spi.c.obj
 .text.SPI_2linesRxISR_16BIT
                0x08006a28       0x60 cmake/stm32cubemx/CMakeFiles/STM32_Drivers.dir/__/__/Drivers/STM32F4xx_HAL_Driver/Src/stm32f4xx_hal_spi.c.obj
 .text.SPI_2linesTxISR_16BIT
                0x08006a88       0x5e cmake/stm32cubemx/CMakeFiles/STM32_Drivers.dir/__/__/Drivers/STM32F4xx_HAL_Driver/Src/stm32f4xx_hal_spi.c.obj
 *fill*         0x08006ae6        0x2 
 .text.SPI_WaitFlagStateUntilTimeout
                0x08006ae8      0x110 cmake/stm32cubemx/CMakeFiles/STM32_Drivers.dir/__/__/Drivers/STM32F4xx_HAL_Driver/Src/stm32f4xx_hal_spi.c.obj
 .text.SPI_EndRxTransaction
                0x08006bf8       0xca cmake/stm32cubemx/CMakeFiles/STM32_Drivers.dir/__/__/Drivers/STM32F4xx_HAL_Driver/Src/stm32f4xx_hal_spi.c.obj
 *fill*         0x08006cc2        0x2 
 .text.SPI_EndRxTxTransaction
                0x08006cc4       0xa8 cmake/stm32cubemx/CMakeFiles/STM32_Drivers.dir/__/__/Drivers/STM32F4xx_HAL_Driver/Src/stm32f4xx_hal_spi.c.obj
 .text.SPI_CloseRxTx_ISR
                0x08006d6c       0xe8 cmake/stm32cubemx/CMakeFiles/STM32_Drivers.dir/__/__/Drivers/STM32F4xx_HAL_Driver/Src/stm32f4xx_hal_spi.c.obj
 .text.HAL_TIM_Base_Init
                0x08006e54       0x9e cmake/stm32cubemx/CMakeFiles/STM32_Drivers.dir/__/__/Drivers/STM32F4xx_HAL_Driver/Src/stm32f4xx_hal_tim.c.obj
                0x08006e54                HAL_TIM_Base_Init
 .text.HAL_TIM_PWM_Init
                0x08006ef2       0x9e cmake/stm32cubemx/CMakeFiles/STM32_Drivers.dir/__/__/Drivers/STM32F4xx_HAL_Driver/Src/stm32f4xx_hal_tim.c.obj
                0x08006ef2                HAL_TIM_PWM_Init
 .text.HAL_TIM_PWM_MspInit
                0x08006f90       0x14 cmake/stm32cubemx/CMakeFiles/STM32_Drivers.dir/__/__/Drivers/STM32F4xx_HAL_Driver/Src/stm32f4xx_hal_tim.c.obj
                0x08006f90                HAL_TIM_PWM_MspInit
 .text.HAL_TIM_IC_Init
                0x08006fa4       0x9e cmake/stm32cubemx/CMakeFiles/STM32_Drivers.dir/__/__/Drivers/STM32F4xx_HAL_Driver/Src/stm32f4xx_hal_tim.c.obj
                0x08006fa4                HAL_TIM_IC_Init
 .text.HAL_TIM_IC_MspInit
                0x08007042       0x14 cmake/stm32cubemx/CMakeFiles/STM32_Drivers.dir/__/__/Drivers/STM32F4xx_HAL_Driver/Src/stm32f4xx_hal_tim.c.obj
                0x08007042                HAL_TIM_IC_MspInit
 .text.HAL_TIM_IC_ConfigChannel
                0x08007056      0x138 cmake/stm32cubemx/CMakeFiles/STM32_Drivers.dir/__/__/Drivers/STM32F4xx_HAL_Driver/Src/stm32f4xx_hal_tim.c.obj
                0x08007056                HAL_TIM_IC_ConfigChannel
 *fill*         0x0800718e        0x2 
 .text.HAL_TIM_PWM_ConfigChannel
                0x08007190      0x184 cmake/stm32cubemx/CMakeFiles/STM32_Drivers.dir/__/__/Drivers/STM32F4xx_HAL_Driver/Src/stm32f4xx_hal_tim.c.obj
                0x08007190                HAL_TIM_PWM_ConfigChannel
 .text.HAL_TIM_ConfigClockSource
                0x08007314      0x18e cmake/stm32cubemx/CMakeFiles/STM32_Drivers.dir/__/__/Drivers/STM32F4xx_HAL_Driver/Src/stm32f4xx_hal_tim.c.obj
                0x08007314                HAL_TIM_ConfigClockSource
 *fill*         0x080074a2        0x2 
 .text.TIM_Base_SetConfig
                0x080074a4      0x14c cmake/stm32cubemx/CMakeFiles/STM32_Drivers.dir/__/__/Drivers/STM32F4xx_HAL_Driver/Src/stm32f4xx_hal_tim.c.obj
                0x080074a4                TIM_Base_SetConfig
 .text.TIM_OC1_SetConfig
                0x080075f0       0xe0 cmake/stm32cubemx/CMakeFiles/STM32_Drivers.dir/__/__/Drivers/STM32F4xx_HAL_Driver/Src/stm32f4xx_hal_tim.c.obj
 .text.TIM_OC2_SetConfig
                0x080076d0       0xec cmake/stm32cubemx/CMakeFiles/STM32_Drivers.dir/__/__/Drivers/STM32F4xx_HAL_Driver/Src/stm32f4xx_hal_tim.c.obj
                0x080076d0                TIM_OC2_SetConfig
 .text.TIM_OC3_SetConfig
                0x080077bc       0xe8 cmake/stm32cubemx/CMakeFiles/STM32_Drivers.dir/__/__/Drivers/STM32F4xx_HAL_Driver/Src/stm32f4xx_hal_tim.c.obj
 .text.TIM_OC4_SetConfig
                0x080078a4       0xac cmake/stm32cubemx/CMakeFiles/STM32_Drivers.dir/__/__/Drivers/STM32F4xx_HAL_Driver/Src/stm32f4xx_hal_tim.c.obj
 .text.TIM_TI1_SetConfig
                0x08007950       0xe8 cmake/stm32cubemx/CMakeFiles/STM32_Drivers.dir/__/__/Drivers/STM32F4xx_HAL_Driver/Src/stm32f4xx_hal_tim.c.obj
                0x08007950                TIM_TI1_SetConfig
 .text.TIM_TI1_ConfigInputStage
                0x08007a38       0x5e cmake/stm32cubemx/CMakeFiles/STM32_Drivers.dir/__/__/Drivers/STM32F4xx_HAL_Driver/Src/stm32f4xx_hal_tim.c.obj
 .text.TIM_TI2_SetConfig
                0x08007a96       0x7a cmake/stm32cubemx/CMakeFiles/STM32_Drivers.dir/__/__/Drivers/STM32F4xx_HAL_Driver/Src/stm32f4xx_hal_tim.c.obj
 .text.TIM_TI2_ConfigInputStage
                0x08007b10       0x60 cmake/stm32cubemx/CMakeFiles/STM32_Drivers.dir/__/__/Drivers/STM32F4xx_HAL_Driver/Src/stm32f4xx_hal_tim.c.obj
 .text.TIM_TI3_SetConfig
                0x08007b70       0x78 cmake/stm32cubemx/CMakeFiles/STM32_Drivers.dir/__/__/Drivers/STM32F4xx_HAL_Driver/Src/stm32f4xx_hal_tim.c.obj
 .text.TIM_TI4_SetConfig
                0x08007be8       0x7a cmake/stm32cubemx/CMakeFiles/STM32_Drivers.dir/__/__/Drivers/STM32F4xx_HAL_Driver/Src/stm32f4xx_hal_tim.c.obj
 .text.TIM_ITRx_SetConfig
                0x08007c62       0x36 cmake/stm32cubemx/CMakeFiles/STM32_Drivers.dir/__/__/Drivers/STM32F4xx_HAL_Driver/Src/stm32f4xx_hal_tim.c.obj
 .text.TIM_ETR_SetConfig
                0x08007c98       0x40 cmake/stm32cubemx/CMakeFiles/STM32_Drivers.dir/__/__/Drivers/STM32F4xx_HAL_Driver/Src/stm32f4xx_hal_tim.c.obj
                0x08007c98                TIM_ETR_SetConfig
 .text.HAL_TIMEx_MasterConfigSynchronization
                0x08007cd8       0xf8 cmake/stm32cubemx/CMakeFiles/STM32_Drivers.dir/__/__/Drivers/STM32F4xx_HAL_Driver/Src/stm32f4xx_hal_tim_ex.c.obj
                0x08007cd8                HAL_TIMEx_MasterConfigSynchronization
 .text.SystemClock_Config
                0x08007dd0       0xd4 CMakeFiles/wheel_torque.dir/Core/Src/main.c.obj
                0x08007dd0                SystemClock_Config
 .text.Error_Handler
                0x08007ea4        0xc CMakeFiles/wheel_torque.dir/Core/Src/main.c.obj
                0x08007ea4                Error_Handler
 .text.MX_GPIO_Init
                0x08007eb0      0x14c CMakeFiles/wheel_torque.dir/Core/Src/gpio.c.obj
                0x08007eb0                MX_GPIO_Init
 .text.MX_ADC1_Init
                0x08007ffc       0xf0 CMakeFiles/wheel_torque.dir/Core/Src/adc.c.obj
                0x08007ffc                MX_ADC1_Init
 .text.HAL_ADC_MspInit
                0x080080ec       0x88 CMakeFiles/wheel_torque.dir/Core/Src/adc.c.obj
                0x080080ec                HAL_ADC_MspInit
 .text.MX_DAC_Init
                0x08008174       0x54 CMakeFiles/wheel_torque.dir/Core/Src/dac.c.obj
                0x08008174                MX_DAC_Init
 .text.HAL_DAC_MspInit
                0x080081c8       0x88 CMakeFiles/wheel_torque.dir/Core/Src/dac.c.obj
                0x080081c8                HAL_DAC_MspInit
 .text.MX_I2C1_Init
                0x08008250       0x5c CMakeFiles/wheel_torque.dir/Core/Src/i2c.c.obj
                0x08008250                MX_I2C1_Init
 .text.HAL_I2C_MspInit
                0x080082ac      0x178 CMakeFiles/wheel_torque.dir/Core/Src/i2c.c.obj
                0x080082ac                HAL_I2C_MspInit
 .text.HAL_I2C_MspDeInit
                0x08008424       0x64 CMakeFiles/wheel_torque.dir/Core/Src/i2c.c.obj
                0x08008424                HAL_I2C_MspDeInit
 .text.MX_SPI2_Init
                0x08008488       0x70 CMakeFiles/wheel_torque.dir/Core/Src/spi.c.obj
                0x08008488                MX_SPI2_Init
 .text.HAL_SPI_MspInit
                0x080084f8       0xa0 CMakeFiles/wheel_torque.dir/Core/Src/spi.c.obj
                0x080084f8                HAL_SPI_MspInit
 .text.HAL_SPI_MspDeInit
                0x08008598       0x44 CMakeFiles/wheel_torque.dir/Core/Src/spi.c.obj
                0x08008598                HAL_SPI_MspDeInit
 .text.MX_TIM1_Init
                0x080085dc       0xa0 CMakeFiles/wheel_torque.dir/Core/Src/tim.c.obj
                0x080085dc                MX_TIM1_Init
 .text.MX_TIM2_Init
                0x0800867c       0xec CMakeFiles/wheel_torque.dir/Core/Src/tim.c.obj
                0x0800867c                MX_TIM2_Init
 .text.MX_TIM11_Init
                0x08008768       0x90 CMakeFiles/wheel_torque.dir/Core/Src/tim.c.obj
                0x08008768                MX_TIM11_Init
 .text.MX_TIM14_Init
                0x080087f8       0x48 CMakeFiles/wheel_torque.dir/Core/Src/tim.c.obj
                0x080087f8                MX_TIM14_Init
 .text.HAL_TIM_Base_MspInit
                0x08008840      0x13c CMakeFiles/wheel_torque.dir/Core/Src/tim.c.obj
                0x08008840                HAL_TIM_Base_MspInit
 .text.HAL_TIM_MspPostInit
                0x0800897c       0x70 CMakeFiles/wheel_torque.dir/Core/Src/tim.c.obj
                0x0800897c                HAL_TIM_MspPostInit
 .text.NMI_Handler
                0x080089ec        0x8 CMakeFiles/wheel_torque.dir/Core/Src/stm32f4xx_it.c.obj
                0x080089ec                NMI_Handler
 .text.HardFault_Handler
                0x080089f4        0x8 CMakeFiles/wheel_torque.dir/Core/Src/stm32f4xx_it.c.obj
                0x080089f4                HardFault_Handler
 .text.MemManage_Handler
                0x080089fc        0x8 CMakeFiles/wheel_torque.dir/Core/Src/stm32f4xx_it.c.obj
                0x080089fc                MemManage_Handler
 .text.BusFault_Handler
                0x08008a04        0x8 CMakeFiles/wheel_torque.dir/Core/Src/stm32f4xx_it.c.obj
                0x08008a04                BusFault_Handler
 .text.UsageFault_Handler
                0x08008a0c        0x8 CMakeFiles/wheel_torque.dir/Core/Src/stm32f4xx_it.c.obj
                0x08008a0c                UsageFault_Handler
 .text.SVC_Handler
                0x08008a14        0xe CMakeFiles/wheel_torque.dir/Core/Src/stm32f4xx_it.c.obj
                0x08008a14                SVC_Handler
 .text.DebugMon_Handler
                0x08008a22        0xe CMakeFiles/wheel_torque.dir/Core/Src/stm32f4xx_it.c.obj
                0x08008a22                DebugMon_Handler
 .text.PendSV_Handler
                0x08008a30        0xe CMakeFiles/wheel_torque.dir/Core/Src/stm32f4xx_it.c.obj
                0x08008a30                PendSV_Handler
 .text.SysTick_Handler
                0x08008a3e        0xc CMakeFiles/wheel_torque.dir/Core/Src/stm32f4xx_it.c.obj
                0x08008a3e                SysTick_Handler
 *fill*         0x08008a4a        0x2 
 .text.DMA1_Stream0_IRQHandler
                0x08008a4c       0x14 CMakeFiles/wheel_torque.dir/Core/Src/stm32f4xx_it.c.obj
                0x08008a4c                DMA1_Stream0_IRQHandler
 .text.DMA1_Stream6_IRQHandler
                0x08008a60       0x14 CMakeFiles/wheel_torque.dir/Core/Src/stm32f4xx_it.c.obj
                0x08008a60                DMA1_Stream6_IRQHandler
 .text.I2C1_EV_IRQHandler
                0x08008a74       0x14 CMakeFiles/wheel_torque.dir/Core/Src/stm32f4xx_it.c.obj
                0x08008a74                I2C1_EV_IRQHandler
 .text.I2C1_ER_IRQHandler
                0x08008a88       0x14 CMakeFiles/wheel_torque.dir/Core/Src/stm32f4xx_it.c.obj
                0x08008a88                I2C1_ER_IRQHandler
 .text.SPI2_IRQHandler
                0x08008a9c       0x14 CMakeFiles/wheel_torque.dir/Core/Src/stm32f4xx_it.c.obj
                0x08008a9c                SPI2_IRQHandler
 .text.HAL_MspInit
                0x08008ab0       0x94 CMakeFiles/wheel_torque.dir/Core/Src/stm32f4xx_hal_msp.c.obj
                0x08008ab0                HAL_MspInit
 .text._sbrk    0x08008b44       0x6c CMakeFiles/wheel_torque.dir/Core/Src/sysmem.c.obj
                0x08008b44                _sbrk
 .text._getpid  0x08008bb0       0x10 CMakeFiles/wheel_torque.dir/Core/Src/syscalls.c.obj
                0x08008bb0                _getpid
 .text._kill    0x08008bc0       0x20 CMakeFiles/wheel_torque.dir/Core/Src/syscalls.c.obj
                0x08008bc0                _kill
 .text._exit    0x08008be0       0x16 CMakeFiles/wheel_torque.dir/Core/Src/syscalls.c.obj
                0x08008be0                _exit
 *fill*         0x08008bf6        0x2 
 .text.Reset_Handler
                0x08008bf8       0x50 CMakeFiles/wheel_torque.dir/startup_stm32f405xx.s.obj
                0x08008bf8                Reset_Handler
 .text.Default_Handler
                0x08008c48        0x2 CMakeFiles/wheel_torque.dir/startup_stm32f405xx.s.obj
                0x08008c48                RTC_Alarm_IRQHandler
                0x08008c48                HASH_RNG_IRQHandler
                0x08008c48                EXTI2_IRQHandler
                0x08008c48                TIM8_CC_IRQHandler
                0x08008c48                TIM1_CC_IRQHandler
                0x08008c48                DMA2_Stream5_IRQHandler
                0x08008c48                DMA1_Stream5_IRQHandler
                0x08008c48                PVD_IRQHandler
                0x08008c48                SDIO_IRQHandler
                0x08008c48                TAMP_STAMP_IRQHandler
                0x08008c48                CAN2_RX1_IRQHandler
                0x08008c48                EXTI3_IRQHandler
                0x08008c48                TIM8_TRG_COM_TIM14_IRQHandler
                0x08008c48                TIM8_UP_TIM13_IRQHandler
                0x08008c48                I2C3_ER_IRQHandler
                0x08008c48                EXTI0_IRQHandler
                0x08008c48                I2C2_EV_IRQHandler
                0x08008c48                DMA1_Stream2_IRQHandler
                0x08008c48                CAN1_RX0_IRQHandler
                0x08008c48                FPU_IRQHandler
                0x08008c48                OTG_HS_WKUP_IRQHandler
                0x08008c48                CAN2_SCE_IRQHandler
                0x08008c48                DMA2_Stream2_IRQHandler
                0x08008c48                SPI1_IRQHandler
                0x08008c48                TIM6_DAC_IRQHandler
                0x08008c48                TIM1_BRK_TIM9_IRQHandler
                0x08008c48                CAN2_RX0_IRQHandler
                0x08008c48                DMA2_Stream3_IRQHandler
                0x08008c48                USART6_IRQHandler
                0x08008c48                USART3_IRQHandler
                0x08008c48                CAN1_RX1_IRQHandler
                0x08008c48                UART5_IRQHandler
                0x08008c48                DMA2_Stream0_IRQHandler
                0x08008c48                TIM4_IRQHandler
                0x08008c48                DMA1_Stream1_IRQHandler
                0x08008c48                UART4_IRQHandler
                0x08008c48                TIM3_IRQHandler
                0x08008c48                RCC_IRQHandler
                0x08008c48                TIM8_BRK_TIM12_IRQHandler
                0x08008c48                Default_Handler
                0x08008c48                EXTI15_10_IRQHandler
                0x08008c48                ADC_IRQHandler
                0x08008c48                DMA1_Stream7_IRQHandler
                0x08008c48                TIM7_IRQHandler
                0x08008c48                CAN2_TX_IRQHandler
                0x08008c48                TIM5_IRQHandler
                0x08008c48                DMA2_Stream7_IRQHandler
                0x08008c48                I2C3_EV_IRQHandler
                0x08008c48                EXTI9_5_IRQHandler
                0x08008c48                RTC_WKUP_IRQHandler
                0x08008c48                OTG_HS_EP1_IN_IRQHandler
                0x08008c48                CAN1_TX_IRQHandler
                0x08008c48                EXTI4_IRQHandler
                0x08008c48                FSMC_IRQHandler
                0x08008c48                OTG_HS_EP1_OUT_IRQHandler
                0x08008c48                WWDG_IRQHandler
                0x08008c48                TIM2_IRQHandler
                0x08008c48                OTG_FS_WKUP_IRQHandler
                0x08008c48                TIM1_TRG_COM_TIM11_IRQHandler
                0x08008c48                OTG_HS_IRQHandler
                0x08008c48                EXTI1_IRQHandler
                0x08008c48                USART2_IRQHandler
                0x08008c48                I2C2_ER_IRQHandler
                0x08008c48                DMA2_Stream1_IRQHandler
                0x08008c48                CAN1_SCE_IRQHandler
                0x08008c48                FLASH_IRQHandler
                0x08008c48                DMA2_Stream4_IRQHandler
                0x08008c48                OTG_FS_IRQHandler
                0x08008c48                SPI3_IRQHandler
                0x08008c48                DMA1_Stream4_IRQHandler
                0x08008c48                DMA2_Stream6_IRQHandler
                0x08008c48                DMA1_Stream3_IRQHandler
 *fill*         0x08008c4a        0x2 
 .text._ZnwjPv  0x08008c4c       0x18 CMakeFiles/wheel_torque.dir/Core/Src/main.cpp.obj
                0x08008c4c                operator new(unsigned int, void*)
 .text._ZSt26__throw_bad_variant_accessPKc
                0x08008c64        0xc CMakeFiles/wheel_torque.dir/Core/Src/main.cpp.obj
                0x08008c64                std::__throw_bad_variant_access(char const*)
 .text._ZSt26__throw_bad_variant_accessb
                0x08008c70       0x30 CMakeFiles/wheel_torque.dir/Core/Src/main.cpp.obj
                0x08008c70                std::__throw_bad_variant_access(bool)
 .text._ZN10Controller8Config_t16set_control_modeENS_11ControlModeE
                0x08008ca0       0x20 CMakeFiles/wheel_torque.dir/Core/Src/main.cpp.obj
                0x08008ca0                Controller::Config_t::set_control_mode(Controller::ControlMode)
 .text._ZN17ButterworthFilterC2Ev
                0x08008cc0       0x60 CMakeFiles/wheel_torque.dir/Core/Src/main.cpp.obj
                0x08008cc0                ButterworthFilter::ButterworthFilter()
                0x08008cc0                ButterworthFilter::ButterworthFilter()
 .text._ZN5Motor8Config_tC2Ev
                0x08008d20       0x64 CMakeFiles/wheel_torque.dir/Core/Src/main.cpp.obj
                0x08008d20                Motor::Config_t::Config_t()
                0x08008d20                Motor::Config_t::Config_t()
 .text._ZNSt7variantIJfPfP10OutputPortIfEEEC2Ev
                0x08008d84       0x1c CMakeFiles/wheel_torque.dir/Core/Src/main.cpp.obj
                0x08008d84                std::variant<float, float*, OutputPort<float>*>::variant()
                0x08008d84                std::variant<float, float*, OutputPort<float>*>::variant()
 .text._ZN9InputPortIfEC2Ev
                0x08008da0       0x1c CMakeFiles/wheel_torque.dir/Core/Src/main.cpp.obj
                0x08008da0                InputPort<float>::InputPort()
                0x08008da0                InputPort<float>::InputPort()
 .text._ZN5MotorC2EP17TIM_HandleTypeDeft
                0x08008dbc       0xa4 CMakeFiles/wheel_torque.dir/Core/Src/main.cpp.obj
                0x08008dbc                Motor::Motor(TIM_HandleTypeDef*, unsigned short)
                0x08008dbc                Motor::Motor(TIM_HandleTypeDef*, unsigned short)
 .text._ZN9Stm32GpioC2EP12GPIO_TypeDeft
                0x08008e60       0x28 CMakeFiles/wheel_torque.dir/Core/Src/main.cpp.obj
                0x08008e60                Stm32Gpio::Stm32Gpio(GPIO_TypeDef*, unsigned short)
                0x08008e60                Stm32Gpio::Stm32Gpio(GPIO_TypeDef*, unsigned short)
 .text._ZN15Stm32SpiArbiterC2EP19__SPI_HandleTypeDef
                0x08008e88       0x24 CMakeFiles/wheel_torque.dir/Core/Src/main.cpp.obj
                0x08008e88                Stm32SpiArbiter::Stm32SpiArbiter(__SPI_HandleTypeDef*)
                0x08008e88                Stm32SpiArbiter::Stm32SpiArbiter(__SPI_HandleTypeDef*)
 .text.cpu_enter_critical
                0x08008eac       0x24 CMakeFiles/wheel_torque.dir/Core/Src/main.cpp.obj
 .text.cpu_exit_critical
                0x08008ed0       0x20 CMakeFiles/wheel_torque.dir/Core/Src/main.cpp.obj
 .text._ZN22CriticalSectionContextcvbEv
                0x08008ef0       0x18 CMakeFiles/wheel_torque.dir/Core/Src/main.cpp.obj
                0x08008ef0                CriticalSectionContext::operator bool()
 .text._ZN22CriticalSectionContextC2Ev
                0x08008f08       0x24 CMakeFiles/wheel_torque.dir/Core/Src/main.cpp.obj
                0x08008f08                CriticalSectionContext::CriticalSectionContext()
                0x08008f08                CriticalSectionContext::CriticalSectionContext()
 .text._ZN22CriticalSectionContextD2Ev
                0x08008f2c       0x1c CMakeFiles/wheel_torque.dir/Core/Src/main.cpp.obj
                0x08008f2c                CriticalSectionContext::~CriticalSectionContext()
                0x08008f2c                CriticalSectionContext::~CriticalSectionContext()
 .text._ZoRR5ErrorS_
                0x08008f48       0x28 CMakeFiles/wheel_torque.dir/Core/Src/main.cpp.obj
                0x08008f48                operator|=(Error&, Error)
 .text._ZN10Controller8Config_tC2Ev
                0x08008f70       0x48 CMakeFiles/wheel_torque.dir/Core/Src/main.cpp.obj
                0x08008f70                Controller::Config_t::Config_t()
                0x08008f70                Controller::Config_t::Config_t()
 .text._ZN10ControllerC2Ev
                0x08008fb8       0x70 CMakeFiles/wheel_torque.dir/Core/Src/main.cpp.obj
                0x08008fb8                Controller::Controller()
                0x08008fb8                Controller::Controller()
 .text._Z12start_timersv
                0x08009028       0xac CMakeFiles/wheel_torque.dir/Core/Src/main.cpp.obj
                0x08009028                start_timers()
 .text._Z13start_adc_pwmv
                0x080090d4       0x90 CMakeFiles/wheel_torque.dir/Core/Src/main.cpp.obj
                0x080090d4                start_adc_pwm()
 .text._Z18start_control_loopv
                0x08009164       0x80 CMakeFiles/wheel_torque.dir/Core/Src/main.cpp.obj
                0x08009164                start_control_loop()
 .text._ZL19fetch_and_reset_adcPSt8optionalIfE
                0x080091e4       0x78 CMakeFiles/wheel_torque.dir/Core/Src/main.cpp.obj
 .text._Z15control_loop_cbv
                0x0800925c       0x64 CMakeFiles/wheel_torque.dir/Core/Src/main.cpp.obj
                0x0800925c                control_loop_cb()
 .text.HAL_SPI_TxCpltCallback
                0x080092c0       0x18 CMakeFiles/wheel_torque.dir/Core/Src/main.cpp.obj
                0x080092c0                HAL_SPI_TxCpltCallback
 .text.HAL_SPI_RxCpltCallback
                0x080092d8       0x18 CMakeFiles/wheel_torque.dir/Core/Src/main.cpp.obj
                0x080092d8                HAL_SPI_RxCpltCallback
 .text.HAL_SPI_TxRxCpltCallback
                0x080092f0       0x28 CMakeFiles/wheel_torque.dir/Core/Src/main.cpp.obj
                0x080092f0                HAL_SPI_TxRxCpltCallback
 .text.HAL_I2C_SlaveRxCpltCallback
                0x08009318      0x260 CMakeFiles/wheel_torque.dir/Core/Src/main.cpp.obj
                0x08009318                HAL_I2C_SlaveRxCpltCallback
 .text.HAL_I2C_SlaveTxCpltCallback
                0x08009578       0x2c CMakeFiles/wheel_torque.dir/Core/Src/main.cpp.obj
                0x08009578                HAL_I2C_SlaveTxCpltCallback
 .text.HAL_I2C_ErrorCallback
                0x080095a4       0x2c CMakeFiles/wheel_torque.dir/Core/Src/main.cpp.obj
                0x080095a4                HAL_I2C_ErrorCallback
 .text.TIM1_UP_TIM10_IRQHandler
                0x080095d0       0xac CMakeFiles/wheel_torque.dir/Core/Src/main.cpp.obj
                0x080095d0                TIM1_UP_TIM10_IRQHandler
 .text._ZNSt22_Optional_payload_baseIfEC2Ev
                0x0800967c       0x20 CMakeFiles/wheel_torque.dir/Core/Src/main.cpp.obj
                0x0800967c                std::_Optional_payload_base<float>::_Optional_payload_base()
                0x0800967c                std::_Optional_payload_base<float>::_Optional_payload_base()
 .text._ZNSt17_Optional_payloadIfLb1ELb1ELb1EEC2Ev
                0x0800969c       0x1c CMakeFiles/wheel_torque.dir/Core/Src/main.cpp.obj
                0x0800969c                std::_Optional_payload<float, true, true, true>::_Optional_payload()
                0x0800969c                std::_Optional_payload<float, true, true, true>::_Optional_payload()
 .text._ZNSt14_Optional_baseIfLb1ELb1EEC2Ev
                0x080096b8       0x1c CMakeFiles/wheel_torque.dir/Core/Src/main.cpp.obj
                0x080096b8                std::_Optional_base<float, true, true>::_Optional_base()
                0x080096b8                std::_Optional_base<float, true, true>::_Optional_base()
 .text._ZNSt22_Optional_payload_baseIfE8_StorageIfLb1EEC1Ev
                0x080096d4       0x18 CMakeFiles/wheel_torque.dir/Core/Src/main.cpp.obj
                0x080096d4                std::_Optional_payload_base<float>::_Storage<float, true>::_Storage()
 .text.USART1_IRQHandler
                0x080096ec       0xfc CMakeFiles/wheel_torque.dir/Core/Src/main.cpp.obj
                0x080096ec                USART1_IRQHandler
 .text._ZNKSt8optionalIfE9has_valueEv
                0x080097e8       0x18 CMakeFiles/wheel_torque.dir/Core/Src/main.cpp.obj
                0x080097e8                std::optional<float>::has_value() const
 .text._ZNKSt19_Optional_base_implIfSt14_Optional_baseIfLb1ELb1EEE13_M_is_engagedEv
                0x08009800       0x18 CMakeFiles/wheel_torque.dir/Core/Src/main.cpp.obj
                0x08009800                std::_Optional_base_impl<float, std::_Optional_base<float, true, true> >::_M_is_engaged() const
 .text.main     0x08009818      0x11c CMakeFiles/wheel_torque.dir/Core/Src/main.cpp.obj
                0x08009818                main
 .text._ZN10OutputPortIfEC2Ef
                0x08009934       0x28 CMakeFiles/wheel_torque.dir/Core/Src/main.cpp.obj
                0x08009934                OutputPort<float>::OutputPort(float)
                0x08009934                OutputPort<float>::OutputPort(float)
 .text._ZNSt8optionalIfEC2ESt9nullopt_t
                0x0800995c       0x1c CMakeFiles/wheel_torque.dir/Core/Src/main.cpp.obj
                0x0800995c                std::optional<float>::optional(std::nullopt_t)
                0x0800995c                std::optional<float>::optional(std::nullopt_t)
 .text._ZNSt8__detail9__variant13_Variant_baseIJfPfP10OutputPortIfEEEC2Ev
                0x08009978       0x1c CMakeFiles/wheel_torque.dir/Core/Src/main.cpp.obj
                0x08009978                std::__detail::__variant::_Variant_base<float, float*, OutputPort<float>*>::_Variant_base()
                0x08009978                std::__detail::__variant::_Variant_base<float, float*, OutputPort<float>*>::_Variant_base()
 .text._ZN10Stm32Timer19start_synchronouslyILj2EEEvSt5arrayIP17TIM_HandleTypeDefXT_EES1_IjXT_EE
                0x08009994       0x30 CMakeFiles/wheel_torque.dir/Core/Src/main.cpp.obj
                0x08009994                void Stm32Timer::start_synchronously<2u>(std::array<TIM_HandleTypeDef*, 2u>, std::array<unsigned int, 2u>)
 .text._ZN9InputPortIfE10connect_toEP10OutputPortIfE
                0x080099c4       0x20 CMakeFiles/wheel_torque.dir/Core/Src/main.cpp.obj
                0x080099c4                InputPort<float>::connect_to(OutputPort<float>*)
 .text._ZNSt8optionalIfEaSESt9nullopt_t
                0x080099e4       0x1c CMakeFiles/wheel_torque.dir/Core/Src/main.cpp.obj
                0x080099e4                std::optional<float>::operator=(std::nullopt_t)
 .text._ZN10OutputPortIfE5resetEv
                0x08009a00       0x20 CMakeFiles/wheel_torque.dir/Core/Src/main.cpp.obj
                0x08009a00                OutputPort<float>::reset()
 .text._ZNSt8__detail9__variant15_Copy_ctor_baseILb1EJfPfP10OutputPortIfEEECI2NS0_16_Variant_storageILb1EJfS2_S5_EEEILj0EJEEESt16in_place_index_tIXT_EEDpOT0_
                0x08009a20       0x20 CMakeFiles/wheel_torque.dir/Core/Src/main.cpp.obj
                0x08009a20                std::__detail::__variant::_Copy_ctor_base<true, float, float*, OutputPort<float>*>::_Variant_storage<0u>(std::in_place_index_t<0u>)
                0x08009a20                std::__detail::__variant::_Copy_ctor_base<true, float, float*, OutputPort<float>*>::_Variant_storage<0u>(std::in_place_index_t<0u>)
 .text._ZNSt8__detail9__variant15_Move_ctor_baseILb1EJfPfP10OutputPortIfEEECI2NS0_16_Variant_storageILb1EJfS2_S5_EEEILj0EJEEESt16in_place_index_tIXT_EEDpOT0_
                0x08009a40       0x20 CMakeFiles/wheel_torque.dir/Core/Src/main.cpp.obj
                0x08009a40                std::__detail::__variant::_Move_ctor_base<true, float, float*, OutputPort<float>*>::_Variant_storage<0u>(std::in_place_index_t<0u>)
                0x08009a40                std::__detail::__variant::_Move_ctor_base<true, float, float*, OutputPort<float>*>::_Variant_storage<0u>(std::in_place_index_t<0u>)
 .text._ZNSt8__detail9__variant17_Copy_assign_baseILb1EJfPfP10OutputPortIfEEECI2NS0_16_Variant_storageILb1EJfS2_S5_EEEILj0EJEEESt16in_place_index_tIXT_EEDpOT0_
                0x08009a60       0x20 CMakeFiles/wheel_torque.dir/Core/Src/main.cpp.obj
                0x08009a60                std::__detail::__variant::_Copy_assign_base<true, float, float*, OutputPort<float>*>::_Variant_storage<0u>(std::in_place_index_t<0u>)
                0x08009a60                std::__detail::__variant::_Copy_assign_base<true, float, float*, OutputPort<float>*>::_Variant_storage<0u>(std::in_place_index_t<0u>)
 .text._ZNSt8__detail9__variant17_Move_assign_baseILb1EJfPfP10OutputPortIfEEECI2NS0_16_Variant_storageILb1EJfS2_S5_EEEILj0EJEEESt16in_place_index_tIXT_EEDpOT0_
                0x08009a80       0x20 CMakeFiles/wheel_torque.dir/Core/Src/main.cpp.obj
                0x08009a80                std::__detail::__variant::_Move_assign_base<true, float, float*, OutputPort<float>*>::_Variant_storage<0u>(std::in_place_index_t<0u>)
                0x08009a80                std::__detail::__variant::_Move_assign_base<true, float, float*, OutputPort<float>*>::_Variant_storage<0u>(std::in_place_index_t<0u>)
 .text._ZNSt8__detail9__variant13_Variant_baseIJfPfP10OutputPortIfEEEC2ILj0EJEEESt16in_place_index_tIXT_EEDpOT0_
                0x08009aa0       0x20 CMakeFiles/wheel_torque.dir/Core/Src/main.cpp.obj
                0x08009aa0                std::__detail::__variant::_Variant_base<float, float*, OutputPort<float>*>::_Variant_base<0u>(std::in_place_index_t<0u>)
                0x08009aa0                std::__detail::__variant::_Variant_base<float, float*, OutputPort<float>*>::_Variant_base<0u>(std::in_place_index_t<0u>)
 .text._ZN10Stm32Timer24start_synchronously_implILj2EJLj0ELj1EEEEvSt5arrayIP17TIM_HandleTypeDefXT_EES1_IjXT_EESt16integer_sequenceIjJXspT0_EEE
                0x08009ac0       0xac CMakeFiles/wheel_torque.dir/Core/Src/main.cpp.obj
                0x08009ac0                void Stm32Timer::start_synchronously_impl<2u, 0u, 1u>(std::array<TIM_HandleTypeDef*, 2u>, std::array<unsigned int, 2u>, std::integer_sequence<unsigned int, 0u, 1u>)
 .text._ZNSt7variantIJfPfP10OutputPortIfEEEaSIRS3_EENSt9enable_ifIXaaaa14__exactly_onceINSt9_Nth_typeIX16__accepted_indexIOT_EEJfS0_S3_EE4typeEE18is_constructible_vISC_S9_E15is_assignable_vIRSC_S9_EERS4_E4typeESA_
                0x08009b6c       0x54 CMakeFiles/wheel_torque.dir/Core/Src/main.cpp.obj
                0x08009b6c                std::enable_if<((__exactly_once<std::_Nth_type<__accepted_index<OutputPort<float>*&>, float, float*, OutputPort<float>*>::type>)&&(is_constructible_v<std::_Nth_type<__accepted_index<OutputPort<float>*&>, float, float*, OutputPort<float>*>::type, OutputPort<float>*&>))&&(is_assignable_v<std::_Nth_type<__accepted_index<OutputPort<float>*&>, float, float*, OutputPort<float>*>::type&, OutputPort<float>*&>), std::variant<float, float*, OutputPort<float>*>&>::type std::variant<float, float*, OutputPort<float>*>::operator=<OutputPort<float>*&>(OutputPort<float>*&)
 .text._ZNSt19_Optional_base_implIfSt14_Optional_baseIfLb1ELb1EEE8_M_resetEv
                0x08009bc0       0x18 CMakeFiles/wheel_torque.dir/Core/Src/main.cpp.obj
                0x08009bc0                std::_Optional_base_impl<float, std::_Optional_base<float, true, true> >::_M_reset()
 .text._ZNSt8__detail9__variant16_Variant_storageILb1EJfPfP10OutputPortIfEEEC2ILj0EJEEESt16in_place_index_tIXT_EEDpOT0_
                0x08009bd8       0x24 CMakeFiles/wheel_torque.dir/Core/Src/main.cpp.obj
                0x08009bd8                std::__detail::__variant::_Variant_storage<true, float, float*, OutputPort<float>*>::_Variant_storage<0u>(std::in_place_index_t<0u>)
                0x08009bd8                std::__detail::__variant::_Variant_storage<true, float, float*, OutputPort<float>*>::_Variant_storage<0u>(std::in_place_index_t<0u>)
 .text._ZNSt5arrayIP17TIM_HandleTypeDefLj2EEixEj
                0x08009bfc       0x20 CMakeFiles/wheel_torque.dir/Core/Src/main.cpp.obj
                0x08009bfc                std::array<TIM_HandleTypeDef*, 2u>::operator[](unsigned int)
 .text._ZNSt5arrayIjLj2EEixEj
                0x08009c1c       0x20 CMakeFiles/wheel_torque.dir/Core/Src/main.cpp.obj
                0x08009c1c                std::array<unsigned int, 2u>::operator[](unsigned int)
 .text._ZNKSt7variantIJfPfP10OutputPortIfEEE5indexEv
                0x08009c3c       0x18 CMakeFiles/wheel_torque.dir/Core/Src/main.cpp.obj
                0x08009c3c                std::variant<float, float*, OutputPort<float>*>::index() const
 .text._ZNSt8__detail9__variant7__get_nILj2ERNS0_15_Variadic_unionIJfPfP10OutputPortIfEEEEEEDcOT0_
                0x08009c54       0x20 CMakeFiles/wheel_torque.dir/Core/Src/main.cpp.obj
                0x08009c54                decltype(auto) std::__detail::__variant::__get_n<2u, std::__detail::__variant::_Variadic_union<float, float*, OutputPort<float>*>&>(std::__detail::__variant::_Variadic_union<float, float*, OutputPort<float>*>&)
 .text._ZNSt8__detail9__variant5__getILj2ERSt7variantIJfPfP10OutputPortIfEEEEEDcOT0_
                0x08009c74       0x20 CMakeFiles/wheel_torque.dir/Core/Src/main.cpp.obj
                0x08009c74                decltype(auto) std::__detail::__variant::__get<2u, std::variant<float, float*, OutputPort<float>*>&>(std::variant<float, float*, OutputPort<float>*>&)
 .text._ZSt3getILj2EJfPfP10OutputPortIfEEERNSt19variant_alternativeIXT_ESt7variantIJDpT0_EEE4typeERS8_
                0x08009c94       0x3c CMakeFiles/wheel_torque.dir/Core/Src/main.cpp.obj
                0x08009c94                std::variant_alternative<2u, std::variant<float, float*, OutputPort<float>*> >::type& std::get<2u, float, float*, OutputPort<float>*>(std::variant<float, float*, OutputPort<float>*>&)
 .text._ZSt7forwardIRP10OutputPortIfEEOT_RNSt16remove_referenceIS4_E4typeE
                0x08009cd0       0x18 CMakeFiles/wheel_torque.dir/Core/Src/main.cpp.obj
                0x08009cd0                OutputPort<float>*& std::forward<OutputPort<float>*&>(std::remove_reference<OutputPort<float>*&>::type&)
 .text._ZNSt7variantIJfPfP10OutputPortIfEEE7emplaceILj2EJRS3_EEENSt9enable_ifIX18is_constructible_vINSt9_Nth_typeIXT_EJfS0_S3_EE4typeEDpT0_EERSA_E4typeEDpOSB_
                0x08009ce8       0x2c CMakeFiles/wheel_torque.dir/Core/Src/main.cpp.obj
                0x08009ce8                std::enable_if<is_constructible_v<std::_Nth_type<2u, float, float*, OutputPort<float>*>::type, OutputPort<float>*&>, std::_Nth_type<2u, float, float*, OutputPort<float>*>::type&>::type std::variant<float, float*, OutputPort<float>*>::emplace<2u, OutputPort<float>*&>(OutputPort<float>*&)
 .text._ZNSt22_Optional_payload_baseIfE8_M_resetEv
                0x08009d14       0x20 CMakeFiles/wheel_torque.dir/Core/Src/main.cpp.obj
                0x08009d14                std::_Optional_payload_base<float>::_M_reset()
 .text._ZNSt8__detail9__variant15_Variadic_unionIJfPfP10OutputPortIfEEEC2IJEEESt16in_place_index_tILj0EEDpOT_
                0x08009d34       0x20 CMakeFiles/wheel_torque.dir/Core/Src/main.cpp.obj
                0x08009d34                std::__detail::__variant::_Variadic_union<float, float*, OutputPort<float>*>::_Variadic_union<>(std::in_place_index_t<0u>)
                0x08009d34                std::__detail::__variant::_Variadic_union<float, float*, OutputPort<float>*>::_Variadic_union<>(std::in_place_index_t<0u>)
 .text._ZNKSt7variantIJfPfP10OutputPortIfEEE22valueless_by_exceptionEv
                0x08009d54       0x20 CMakeFiles/wheel_torque.dir/Core/Src/main.cpp.obj
                0x08009d54                std::variant<float, float*, OutputPort<float>*>::valueless_by_exception() const
 .text._ZSt7forwardIRSt7variantIJfPfP10OutputPortIfEEEEOT_RNSt16remove_referenceIS7_E4typeE
                0x08009d74       0x18 CMakeFiles/wheel_torque.dir/Core/Src/main.cpp.obj
                0x08009d74                std::variant<float, float*, OutputPort<float>*>& std::forward<std::variant<float, float*, OutputPort<float>*>&>(std::remove_reference<std::variant<float, float*, OutputPort<float>*>&>::type&)
 .text._ZSt7forwardIRNSt8__detail9__variant15_Variadic_unionIJfPfP10OutputPortIfEEEEEOT_RNSt16remove_referenceIS9_E4typeE
                0x08009d8c       0x18 CMakeFiles/wheel_torque.dir/Core/Src/main.cpp.obj
                0x08009d8c                std::__detail::__variant::_Variadic_union<float, float*, OutputPort<float>*>& std::forward<std::__detail::__variant::_Variadic_union<float, float*, OutputPort<float>*>&>(std::remove_reference<std::__detail::__variant::_Variadic_union<float, float*, OutputPort<float>*>&>::type&)
 .text._ZNRSt8__detail9__variant14_UninitializedIP10OutputPortIfELb1EE6_M_getEv
                0x08009da4       0x18 CMakeFiles/wheel_torque.dir/Core/Src/main.cpp.obj
                0x08009da4                std::__detail::__variant::_Uninitialized<OutputPort<float>*, true>::_M_get() &
 .text._ZNSt8__detail9__variant9__emplaceILj2ELb1EJfPfP10OutputPortIfEEJRS5_EEEvRNS0_16_Variant_storageIXT0_EJDpT1_EEEDpOT2_
                0x08009dbc       0x40 CMakeFiles/wheel_torque.dir/Core/Src/main.cpp.obj
                0x08009dbc                void std::__detail::__variant::__emplace<2u, true, float, float*, OutputPort<float>*, OutputPort<float>*&>(std::__detail::__variant::_Variant_storage<true, float, float*, OutputPort<float>*>&, OutputPort<float>*&)
 .text._ZNSt22_Optional_payload_baseIfE10_M_destroyEv
                0x08009dfc       0x1c CMakeFiles/wheel_torque.dir/Core/Src/main.cpp.obj
                0x08009dfc                std::_Optional_payload_base<float>::_M_destroy()
 .text._ZNSt8__detail9__variant14_UninitializedIfLb1EEC2IJEEESt16in_place_index_tILj0EEDpOT_
                0x08009e18       0x20 CMakeFiles/wheel_torque.dir/Core/Src/main.cpp.obj
                0x08009e18                std::__detail::__variant::_Uninitialized<float, true>::_Uninitialized<>(std::in_place_index_t<0u>)
                0x08009e18                std::__detail::__variant::_Uninitialized<float, true>::_Uninitialized<>(std::in_place_index_t<0u>)
 .text._ZNKSt8__detail9__variant16_Variant_storageILb1EJfPfP10OutputPortIfEEE8_M_validEv
                0x08009e38       0x18 CMakeFiles/wheel_torque.dir/Core/Src/main.cpp.obj
                0x08009e38                std::__detail::__variant::_Variant_storage<true, float, float*, OutputPort<float>*>::_M_valid() const
 .text._ZNSt8__detail9__variant16_Variant_storageILb1EJfPfP10OutputPortIfEEE8_M_resetEv
                0x08009e50       0x1c CMakeFiles/wheel_torque.dir/Core/Src/main.cpp.obj
                0x08009e50                std::__detail::__variant::_Variant_storage<true, float, float*, OutputPort<float>*>::_M_reset()
 .text._ZSt11__addressofIP10OutputPortIfEEPT_RS3_
                0x08009e6c       0x18 CMakeFiles/wheel_torque.dir/Core/Src/main.cpp.obj
                0x08009e6c                OutputPort<float>** std::__addressof<OutputPort<float>*>(OutputPort<float>*&)
 .text._ZSt10_ConstructIP10OutputPortIfEJRS2_EEvPT_DpOT0_
                0x08009e84       0x2c CMakeFiles/wheel_torque.dir/Core/Src/main.cpp.obj
                0x08009e84                void std::_Construct<OutputPort<float>*, OutputPort<float>*&>(OutputPort<float>**, OutputPort<float>*&)
 .text._Z41__static_initialization_and_destruction_0v
                0x08009eb0       0x5c CMakeFiles/wheel_torque.dir/Core/Src/main.cpp.obj
 .text._GLOBAL__sub_I_debug_TIM1_UP_TIM10_IRQHandler_count
                0x08009f0c        0xc CMakeFiles/wheel_torque.dir/Core/Src/main.cpp.obj
 .text._ZSt23__is_constant_evaluatedv
                0x08009f18       0x10 CMakeFiles/wheel_torque.dir/Core/Src/motor.cpp.obj
                0x08009f18                std::__is_constant_evaluated()
 .text._ZSt27__throw_bad_optional_accessv
                0x08009f28        0x8 CMakeFiles/wheel_torque.dir/Core/Src/motor.cpp.obj
                0x08009f28                std::__throw_bad_optional_access()
 .text._ZSt3absf
                0x08009f30       0x20 CMakeFiles/wheel_torque.dir/Core/Src/motor.cpp.obj
                0x08009f30                std::abs(float)
 .text._ZSt3tanf
                0x08009f50       0x20 CMakeFiles/wheel_torque.dir/Core/Src/motor.cpp.obj
                0x08009f50                std::tan(float)
 .text._ZN17ButterworthFilter4initEff
                0x08009f70       0xfc CMakeFiles/wheel_torque.dir/Core/Src/motor.cpp.obj
                0x08009f70                ButterworthFilter::init(float, float)
 .text._ZN17ButterworthFilter7processEf
                0x0800a06c       0xa0 CMakeFiles/wheel_torque.dir/Core/Src/motor.cpp.obj
                0x0800a06c                ButterworthFilter::process(float)
 .text._ZN17ButterworthFilter5resetEv
                0x0800a10c       0x34 CMakeFiles/wheel_torque.dir/Core/Src/motor.cpp.obj
                0x0800a10c                ButterworthFilter::reset()
 .text._ZoRRN5Motor5ErrorES0_
                0x0800a140       0x28 CMakeFiles/wheel_torque.dir/Core/Src/motor.cpp.obj
                0x0800a140                operator|=(Motor::Error&, Motor::Error)
 .text._ZN5Motor16current_from_adcEm
                0x0800a168       0x7c CMakeFiles/wheel_torque.dir/Core/Src/motor.cpp.obj
                0x0800a168                Motor::current_from_adc(unsigned long)
 .text._ZNRSt8optionalIfE5valueEv
                0x0800a1e4       0x2c CMakeFiles/wheel_torque.dir/Core/Src/motor.cpp.obj
                0x0800a1e4                std::optional<float>::value() &
 .text._ZN5Motor15current_meas_cbESt8optionalIfE
                0x0800a210      0x174 CMakeFiles/wheel_torque.dir/Core/Src/motor.cpp.obj
                0x0800a210                Motor::current_meas_cb(std::optional<float>)
 .text._ZN5Motor6disarmEv
                0x0800a384       0x68 CMakeFiles/wheel_torque.dir/Core/Src/motor.cpp.obj
                0x0800a384                Motor::disarm()
 .text._ZN5Motor17disarm_with_errorENS_5ErrorE
                0x0800a3ec       0x28 CMakeFiles/wheel_torque.dir/Core/Src/motor.cpp.obj
                0x0800a3ec                Motor::disarm_with_error(Motor::Error)
 .text._ZN5Motor3armEv
                0x0800a414       0x68 CMakeFiles/wheel_torque.dir/Core/Src/motor.cpp.obj
                0x0800a414                Motor::arm()
 .text._ZN5Motor17apply_pwm_timingsEtfb
                0x0800a47c       0xc0 CMakeFiles/wheel_torque.dir/Core/Src/motor.cpp.obj
                0x0800a47c                Motor::apply_pwm_timings(unsigned short, float, bool)
 .text._ZN5Motor20max_available_torqueEv
                0x0800a53c       0x28 CMakeFiles/wheel_torque.dir/Core/Src/motor.cpp.obj
                0x0800a53c                Motor::max_available_torque()
 .text._ZN5Motor11dc_calib_cbESt8optionalIfE
                0x0800a564       0xec CMakeFiles/wheel_torque.dir/Core/Src/motor.cpp.obj
                0x0800a564                Motor::dc_calib_cb(std::optional<float>)
 .text._ZN5Motor6updateEv
                0x0800a650      0x160 CMakeFiles/wheel_torque.dir/Core/Src/motor.cpp.obj
                0x0800a650                Motor::update()
 .text._ZN5Motor13pwm_update_cbEv
                0x0800a7b0      0x168 CMakeFiles/wheel_torque.dir/Core/Src/motor.cpp.obj
                0x0800a7b0                Motor::pwm_update_cb()
 .text._ZNSt8optionalIfEC2IfLb1EEEOT_
                0x0800a918       0x28 CMakeFiles/wheel_torque.dir/Core/Src/motor.cpp.obj
                0x0800a918                std::optional<float>::optional<float, true>(float&&)
                0x0800a918                std::optional<float>::optional<float, true>(float&&)
 .text._ZNSt19_Optional_base_implIfSt14_Optional_baseIfLb1ELb1EEE6_M_getEv
                0x0800a940       0x40 CMakeFiles/wheel_torque.dir/Core/Src/motor.cpp.obj
                0x0800a940                std::_Optional_base_impl<float, std::_Optional_base<float, true, true> >::_M_get()
 .text._ZNSt8optionalIfEC2IRfLb1EEEOT_
                0x0800a980       0x28 CMakeFiles/wheel_torque.dir/Core/Src/motor.cpp.obj
                0x0800a980                std::optional<float>::optional<float&, true>(float&)
                0x0800a980                std::optional<float>::optional<float&, true>(float&)
 .text._ZSt3minIfERKT_S2_S2_
                0x0800a9a8       0x34 CMakeFiles/wheel_torque.dir/Core/Src/motor.cpp.obj
                0x0800a9a8                float const& std::min<float>(float const&, float const&)
 .text._ZN9InputPortIfE7presentEv
                0x0800a9dc       0xa8 CMakeFiles/wheel_torque.dir/Core/Src/motor.cpp.obj
                0x0800a9dc                InputPort<float>::present()
 .text._ZSt5clampIfERKT_S2_S2_S2_
                0x0800aa84       0x50 CMakeFiles/wheel_torque.dir/Core/Src/motor.cpp.obj
                0x0800aa84                float const& std::clamp<float>(float const&, float const&, float const&)
 .text._ZSt7forwardIfEOT_RNSt16remove_referenceIS0_E4typeE
                0x0800aad4       0x18 CMakeFiles/wheel_torque.dir/Core/Src/motor.cpp.obj
                0x0800aad4                float&& std::forward<float>(std::remove_reference<float>::type&)
 .text._ZNSt17_Optional_payloadIfLb1ELb1ELb1EECI2St22_Optional_payload_baseIfEIJfEEESt10in_place_tDpOT_
                0x0800aaec       0x24 CMakeFiles/wheel_torque.dir/Core/Src/motor.cpp.obj
                0x0800aaec                std::_Optional_payload<float, true, true, true>::_Optional_payload_base<float>(std::in_place_t, float&&)
                0x0800aaec                std::_Optional_payload<float, true, true, true>::_Optional_payload_base<float>(std::in_place_t, float&&)
 .text._ZNSt14_Optional_baseIfLb1ELb1EEC2IJfELb0EEESt10in_place_tDpOT_
                0x0800ab10       0x2c CMakeFiles/wheel_torque.dir/Core/Src/motor.cpp.obj
                0x0800ab10                std::_Optional_base<float, true, true>::_Optional_base<float, false>(std::in_place_t, float&&)
                0x0800ab10                std::_Optional_base<float, true, true>::_Optional_base<float, false>(std::in_place_t, float&&)
 .text._ZNSt22_Optional_payload_baseIfE6_M_getEv
                0x0800ab3c       0x18 CMakeFiles/wheel_torque.dir/Core/Src/motor.cpp.obj
                0x0800ab3c                std::_Optional_payload_base<float>::_M_get()
 .text._ZSt7forwardIRfEOT_RNSt16remove_referenceIS1_E4typeE
                0x0800ab54       0x18 CMakeFiles/wheel_torque.dir/Core/Src/motor.cpp.obj
                0x0800ab54                float& std::forward<float&>(std::remove_reference<float&>::type&)
 .text._ZNSt17_Optional_payloadIfLb1ELb1ELb1EECI2St22_Optional_payload_baseIfEIJRfEEESt10in_place_tDpOT_
                0x0800ab6c       0x24 CMakeFiles/wheel_torque.dir/Core/Src/motor.cpp.obj
                0x0800ab6c                std::_Optional_payload<float, true, true, true>::_Optional_payload_base<float&>(std::in_place_t, float&)
                0x0800ab6c                std::_Optional_payload<float, true, true, true>::_Optional_payload_base<float&>(std::in_place_t, float&)
 .text._ZNSt14_Optional_baseIfLb1ELb1EEC2IJRfELb0EEESt10in_place_tDpOT_
                0x0800ab90       0x2c CMakeFiles/wheel_torque.dir/Core/Src/motor.cpp.obj
                0x0800ab90                std::_Optional_base<float, true, true>::_Optional_base<float&, false>(std::in_place_t, float&)
                0x0800ab90                std::_Optional_base<float, true, true>::_Optional_base<float&, false>(std::in_place_t, float&)
 .text._ZN10OutputPortIfE7presentEv
                0x0800abbc       0x30 CMakeFiles/wheel_torque.dir/Core/Src/motor.cpp.obj
                0x0800abbc                OutputPort<float>::present()
 .text._ZNSt8__detail9__variant7__get_nILj1ERNS0_15_Variadic_unionIJfPfP10OutputPortIfEEEEEEDcOT0_
                0x0800abec       0x20 CMakeFiles/wheel_torque.dir/Core/Src/motor.cpp.obj
                0x0800abec                decltype(auto) std::__detail::__variant::__get_n<1u, std::__detail::__variant::_Variadic_union<float, float*, OutputPort<float>*>&>(std::__detail::__variant::_Variadic_union<float, float*, OutputPort<float>*>&)
 .text._ZNSt8__detail9__variant5__getILj1ERSt7variantIJfPfP10OutputPortIfEEEEEDcOT0_
                0x0800ac0c       0x20 CMakeFiles/wheel_torque.dir/Core/Src/motor.cpp.obj
                0x0800ac0c                decltype(auto) std::__detail::__variant::__get<1u, std::variant<float, float*, OutputPort<float>*>&>(std::variant<float, float*, OutputPort<float>*>&)
 .text._ZSt3getILj1EJfPfP10OutputPortIfEEERNSt19variant_alternativeIXT_ESt7variantIJDpT0_EEE4typeERS8_
                0x0800ac2c       0x3c CMakeFiles/wheel_torque.dir/Core/Src/motor.cpp.obj
                0x0800ac2c                std::variant_alternative<1u, std::variant<float, float*, OutputPort<float>*> >::type& std::get<1u, float, float*, OutputPort<float>*>(std::variant<float, float*, OutputPort<float>*>&)
 .text._ZSt13make_optionalIRfENSt9enable_ifIX18is_constructible_vINSt5decayIT_E4typeES3_EESt8optionalIS5_EE4typeEOS3_
                0x0800ac68       0x24 CMakeFiles/wheel_torque.dir/Core/Src/motor.cpp.obj
                0x0800ac68                std::enable_if<is_constructible_v<std::decay<float&>::type, float&>, std::optional<std::decay<float&>::type> >::type std::make_optional<float&>(float&)
 .text._ZNSt8__detail9__variant7__get_nILj0ERNS0_15_Variadic_unionIJfPfP10OutputPortIfEEEEEEDcOT0_
                0x0800ac8c       0x20 CMakeFiles/wheel_torque.dir/Core/Src/motor.cpp.obj
                0x0800ac8c                decltype(auto) std::__detail::__variant::__get_n<0u, std::__detail::__variant::_Variadic_union<float, float*, OutputPort<float>*>&>(std::__detail::__variant::_Variadic_union<float, float*, OutputPort<float>*>&)
 .text._ZNSt8__detail9__variant5__getILj0ERSt7variantIJfPfP10OutputPortIfEEEEEDcOT0_
                0x0800acac       0x20 CMakeFiles/wheel_torque.dir/Core/Src/motor.cpp.obj
                0x0800acac                decltype(auto) std::__detail::__variant::__get<0u, std::variant<float, float*, OutputPort<float>*>&>(std::variant<float, float*, OutputPort<float>*>&)
 .text._ZSt3getILj0EJfPfP10OutputPortIfEEERNSt19variant_alternativeIXT_ESt7variantIJDpT0_EEE4typeERS8_
                0x0800accc       0x3c CMakeFiles/wheel_torque.dir/Core/Src/motor.cpp.obj
                0x0800accc                std::variant_alternative<0u, std::variant<float, float*, OutputPort<float>*> >::type& std::get<0u, float, float*, OutputPort<float>*>(std::variant<float, float*, OutputPort<float>*>&)
 .text._ZSt3maxIfERKT_S2_S2_
                0x0800ad08       0x34 CMakeFiles/wheel_torque.dir/Core/Src/motor.cpp.obj
                0x0800ad08                float const& std::max<float>(float const&, float const&)
 .text._ZNSt22_Optional_payload_baseIfEC2IJfEEESt10in_place_tDpOT_
                0x0800ad3c       0x30 CMakeFiles/wheel_torque.dir/Core/Src/motor.cpp.obj
                0x0800ad3c                std::_Optional_payload_base<float>::_Optional_payload_base<float>(std::in_place_t, float&&)
                0x0800ad3c                std::_Optional_payload_base<float>::_Optional_payload_base<float>(std::in_place_t, float&&)
 .text._ZNSt22_Optional_payload_baseIfEC2IJRfEEESt10in_place_tDpOT_
                0x0800ad6c       0x30 CMakeFiles/wheel_torque.dir/Core/Src/motor.cpp.obj
                0x0800ad6c                std::_Optional_payload_base<float>::_Optional_payload_base<float&>(std::in_place_t, float&)
                0x0800ad6c                std::_Optional_payload_base<float>::_Optional_payload_base<float&>(std::in_place_t, float&)
 .text._ZNRSt8__detail9__variant14_UninitializedIPfLb1EE6_M_getEv
                0x0800ad9c       0x18 CMakeFiles/wheel_torque.dir/Core/Src/motor.cpp.obj
                0x0800ad9c                std::__detail::__variant::_Uninitialized<float*, true>::_M_get() &
 .text._ZNRSt8__detail9__variant14_UninitializedIfLb1EE6_M_getEv
                0x0800adb4       0x18 CMakeFiles/wheel_torque.dir/Core/Src/motor.cpp.obj
                0x0800adb4                std::__detail::__variant::_Uninitialized<float, true>::_M_get() &
 .text._ZNSt22_Optional_payload_baseIfE8_StorageIfLb1EEC2IJfEEESt10in_place_tDpOT_
                0x0800adcc       0x24 CMakeFiles/wheel_torque.dir/Core/Src/motor.cpp.obj
                0x0800adcc                std::_Optional_payload_base<float>::_Storage<float, true>::_Storage<float>(std::in_place_t, float&&)
                0x0800adcc                std::_Optional_payload_base<float>::_Storage<float, true>::_Storage<float>(std::in_place_t, float&&)
 .text._ZNSt22_Optional_payload_baseIfE8_StorageIfLb1EEC2IJRfEEESt10in_place_tDpOT_
                0x0800adf0       0x24 CMakeFiles/wheel_torque.dir/Core/Src/motor.cpp.obj
                0x0800adf0                std::_Optional_payload_base<float>::_Storage<float, true>::_Storage<float&>(std::in_place_t, float&)
                0x0800adf0                std::_Optional_payload_base<float>::_Storage<float, true>::_Storage<float&>(std::in_place_t, float&)
 .text._ZoRRN10Controller5ErrorES0_
                0x0800ae14       0x28 CMakeFiles/wheel_torque.dir/Core/Src/controller.cpp.obj
                0x0800ae14                operator|=(Controller::Error&, Controller::Error)
 .text._ZN10Controller5resetEv
                0x0800ae3c       0x34 CMakeFiles/wheel_torque.dir/Core/Src/controller.cpp.obj
                0x0800ae3c                Controller::reset()
 .text._ZL8limitVelffff
                0x0800ae70       0x6c CMakeFiles/wheel_torque.dir/Core/Src/controller.cpp.obj
 .text._ZN10Controller6updateEv
                0x0800aedc      0x258 CMakeFiles/wheel_torque.dir/Core/Src/controller.cpp.obj
                0x0800aedc                Controller::update()
 .text._ZNRSt8optionalIfEdeEv
                0x0800b134       0x18 CMakeFiles/wheel_torque.dir/Core/Src/controller.cpp.obj
                0x0800b134                std::optional<float>::operator*() &
 .text._ZN10OutputPortIfEaSEf
                0x0800b14c       0x24 CMakeFiles/wheel_torque.dir/Core/Src/controller.cpp.obj
                0x0800b14c                OutputPort<float>::operator=(float)
 .text._ZSt5floorf
                0x0800b170       0x20 CMakeFiles/wheel_torque.dir/Core/Src/encoder.cpp.obj
                0x0800b170                std::floor(float)
 .text._ZN9Stm32GpioC2Ev
                0x0800b190       0x24 CMakeFiles/wheel_torque.dir/Core/Src/encoder.cpp.obj
                0x0800b190                Stm32Gpio::Stm32Gpio()
                0x0800b190                Stm32Gpio::Stm32Gpio()
 .text._ZN9Stm32Gpio5writeEb
                0x0800b1b4       0x38 CMakeFiles/wheel_torque.dir/Core/Src/encoder.cpp.obj
                0x0800b1b4                Stm32Gpio::write(bool)
 .text._ZoRRN7Encoder5ErrorES0_
                0x0800b1ec       0x28 CMakeFiles/wheel_torque.dir/Core/Src/encoder.cpp.obj
                0x0800b1ec                operator|=(Encoder::Error&, Encoder::Error)
 .text._ZN7Encoder8Config_tC2Ev
                0x0800b214       0x3c CMakeFiles/wheel_torque.dir/Core/Src/encoder.cpp.obj
                0x0800b214                Encoder::Config_t::Config_t()
                0x0800b214                Encoder::Config_t::Config_t()
 .text._ZN15Stm32SpiArbiter7SpiTaskC2Ev
                0x0800b250       0x24 CMakeFiles/wheel_torque.dir/Core/Src/encoder.cpp.obj
                0x0800b250                Stm32SpiArbiter::SpiTask::SpiTask()
                0x0800b250                Stm32SpiArbiter::SpiTask::SpiTask()
 .text._ZN7EncoderC2EP15Stm32SpiArbiter9Stm32Gpio
                0x0800b274      0x158 CMakeFiles/wheel_torque.dir/Core/Src/encoder.cpp.obj
                0x0800b274                Encoder::Encoder(Stm32SpiArbiter*, Stm32Gpio)
                0x0800b274                Encoder::Encoder(Stm32SpiArbiter*, Stm32Gpio)
 .text._ZN7Encoder9set_errorENS_5ErrorE
                0x0800b3cc       0x24 CMakeFiles/wheel_torque.dir/Core/Src/encoder.cpp.obj
                0x0800b3cc                Encoder::set_error(Encoder::Error)
 .text._ZN7Encoder16update_pll_gainsEv
                0x0800b3f0       0x78 CMakeFiles/wheel_torque.dir/Core/Src/encoder.cpp.obj
                0x0800b3f0                Encoder::update_pll_gains()
 .text._Z3modii
                0x0800b468       0x38 CMakeFiles/wheel_torque.dir/Core/Src/encoder.cpp.obj
                0x0800b468                mod(int, int)
 .text._ZN7Encoder10sample_nowEv
                0x0800b4a0       0x18 CMakeFiles/wheel_torque.dir/Core/Src/encoder.cpp.obj
                0x0800b4a0                Encoder::sample_now()
 .text._ZN7Encoder13even_parity16Et
                0x0800b4b8       0x38 CMakeFiles/wheel_torque.dir/Core/Src/encoder.cpp.obj
                0x0800b4b8                Encoder::even_parity16(unsigned short)
 .text._ZN7Encoder22as5047p_read_angle_cmdEPt
                0x0800b4f0       0x38 CMakeFiles/wheel_torque.dir/Core/Src/encoder.cpp.obj
                0x0800b4f0                Encoder::as5047p_read_angle_cmd(unsigned short*)
 .text._ZZN7Encoder25abs_spi_start_transactionEvENKUlPvbE_clES0_b
                0x0800b528       0x20 CMakeFiles/wheel_torque.dir/Core/Src/encoder.cpp.obj
 .text._ZZN7Encoder25abs_spi_start_transactionEvENUlPvbE_4_FUNES0_b
                0x0800b548       0x20 CMakeFiles/wheel_torque.dir/Core/Src/encoder.cpp.obj
 .text._ZZN7Encoder25abs_spi_start_transactionEvENKUlPvbE_cvPFvS0_bEEv
                0x0800b568       0x1c CMakeFiles/wheel_torque.dir/Core/Src/encoder.cpp.obj
 .text._ZN7Encoder25abs_spi_start_transactionEv
                0x0800b584       0x88 CMakeFiles/wheel_torque.dir/Core/Src/encoder.cpp.obj
                0x0800b584                Encoder::abs_spi_start_transaction()
 .text._ZN7Encoder10abs_spi_cbEb
                0x0800b60c       0xc8 CMakeFiles/wheel_torque.dir/Core/Src/encoder.cpp.obj
                0x0800b60c                Encoder::abs_spi_cb(bool)
 .text._ZN7Encoder19abs_spi_cs_pin_initEv
                0x0800b6d4       0x2c CMakeFiles/wheel_torque.dir/Core/Src/encoder.cpp.obj
                0x0800b6d4                Encoder::abs_spi_cs_pin_init()
 .text._Z7wrap_pmff
                0x0800b700       0x44 CMakeFiles/wheel_torque.dir/Core/Src/encoder.cpp.obj
                0x0800b700                wrap_pm(float, float)
 .text._Z9fmodf_posff
                0x0800b744       0x4c CMakeFiles/wheel_torque.dir/Core/Src/encoder.cpp.obj
                0x0800b744                fmodf_pos(float, float)
 .text._ZZN7Encoder6updateEvENKUlfE_clEf
                0x0800b790       0x28 CMakeFiles/wheel_torque.dir/Core/Src/encoder.cpp.obj
 .text._ZN7Encoder6updateEv
                0x0800b7b8      0x460 CMakeFiles/wheel_torque.dir/Core/Src/encoder.cpp.obj
                0x0800b7b8                Encoder::update()
 .text._ZN10OutputPortIfE3anyEv
                0x0800bc18       0x20 CMakeFiles/wheel_torque.dir/Core/Src/encoder.cpp.obj
                0x0800bc18                OutputPort<float>::any()
 .text._ZNOSt8optionalIfE8value_orIfEEfOT_
                0x0800bc38       0x44 CMakeFiles/wheel_torque.dir/Core/Src/encoder.cpp.obj
                0x0800bc38                float std::optional<float>::value_or<float>(float&&) &&
 .text._ZSt4moveIRfEONSt16remove_referenceIT_E4typeEOS2_
                0x0800bc7c       0x18 CMakeFiles/wheel_torque.dir/Core/Src/encoder.cpp.obj
                0x0800bc7c                std::remove_reference<float&>::type&& std::move<float&>(float&)
 .text._ZN9Stm32Gpio14get_pin_numberEv
                0x0800bc94       0x36 CMakeFiles/wheel_torque.dir/Core/Src/stm32_gpio.cpp.obj
                0x0800bc94                Stm32Gpio::get_pin_number()
 *fill*         0x0800bcca        0x2 
 .text._ZN9Stm32Gpio6configEmmm
                0x0800bccc      0x194 CMakeFiles/wheel_torque.dir/Core/Src/stm32_gpio.cpp.obj
                0x0800bccc                Stm32Gpio::config(unsigned long, unsigned long, unsigned long)
 .text._Z41__static_initialization_and_destruction_0v
                0x0800be60       0x18 CMakeFiles/wheel_torque.dir/Core/Src/stm32_gpio.cpp.obj
 .text._GLOBAL__sub_I_subscriptions
                0x0800be78        0xa CMakeFiles/wheel_torque.dir/Core/Src/stm32_gpio.cpp.obj
 .text._Z6equalsRK15SPI_InitTypeDefS1_
                0x0800be82       0xa0 CMakeFiles/wheel_torque.dir/Core/Src/stm32_spi_arbiter.cpp.obj
                0x0800be82                equals(SPI_InitTypeDef const&, SPI_InitTypeDef const&)
 .text._ZN15Stm32SpiArbiter12acquire_taskEPNS_7SpiTaskE
                0x0800bf22       0x3c CMakeFiles/wheel_torque.dir/Core/Src/stm32_spi_arbiter.cpp.obj
                0x0800bf22                Stm32SpiArbiter::acquire_task(Stm32SpiArbiter::SpiTask*)
 .text._ZN15Stm32SpiArbiter12release_taskEPNS_7SpiTaskE
                0x0800bf5e       0x1c CMakeFiles/wheel_torque.dir/Core/Src/stm32_spi_arbiter.cpp.obj
                0x0800bf5e                Stm32SpiArbiter::release_task(Stm32SpiArbiter::SpiTask*)
 .text._ZN15Stm32SpiArbiter5startEv
                0x0800bf7a      0x120 CMakeFiles/wheel_torque.dir/Core/Src/stm32_spi_arbiter.cpp.obj
                0x0800bf7a                Stm32SpiArbiter::start()
 .text._ZN15Stm32SpiArbiter14transfer_asyncEPNS_7SpiTaskE
                0x0800c09a       0x8c CMakeFiles/wheel_torque.dir/Core/Src/stm32_spi_arbiter.cpp.obj
                0x0800c09a                Stm32SpiArbiter::transfer_async(Stm32SpiArbiter::SpiTask*)
 .text._ZN15Stm32SpiArbiter11on_completeEv
                0x0800c126       0x88 CMakeFiles/wheel_torque.dir/Core/Src/stm32_spi_arbiter.cpp.obj
                0x0800c126                Stm32SpiArbiter::on_complete()
 *(.glue_7)
 .glue_7        0x0800c1ae        0x0 linker stubs
 *(.glue_7t)
 .glue_7t       0x0800c1ae        0x0 linker stubs
 *(.eh_frame)
 *fill*         0x0800c1ae        0x2 
 .eh_frame      0x0800c1b0        0x0 /usr/lib/gcc/arm-none-eabi/13.2.1/thumb/v7e-m+fp/hard/crtbegin.o
 *(.init)
 .init          0x0800c1b0        0x4 /usr/lib/gcc/arm-none-eabi/13.2.1/thumb/v7e-m+fp/hard/crti.o